Component: ARM Compiler 5.06 update 7 (build 960) Tool: armlink [4d3601]

==============================================================================

Section Cross References

    startup_stm32l053xx.o(RESET) refers to startup_stm32l053xx.o(STACK) for __initial_sp
    startup_stm32l053xx.o(RESET) refers to startup_stm32l053xx.o(.text) for Reset_Handler
    startup_stm32l053xx.o(RESET) refers to stm32l0xx_it.o(i.NMI_Handler) for NMI_Handler
    startup_stm32l053xx.o(RESET) refers to stm32l0xx_it.o(i.HardFault_Handler) for HardFault_Handler
    startup_stm32l053xx.o(RESET) refers to stm32l0xx_it.o(i.SVC_Handler) for SVC_Handler
    startup_stm32l053xx.o(RESET) refers to stm32l0xx_it.o(i.PendSV_Handler) for PendSV_Handler
    startup_stm32l053xx.o(RESET) refers to stm32l0xx_it.o(i.SysTick_Handler) for SysTick_Handler
    startup_stm32l053xx.o(RESET) refers to stm32l0xx_it.o(i.USB_IRQHandler) for USB_IRQHandler
    startup_stm32l053xx.o(.text) refers to system_stm32l0xx.o(i.SystemInit) for SystemInit
    startup_stm32l053xx.o(.text) refers to entry.o(.ARM.Collect$$$$00000000) for __main
    tm_stm32_ahrs_imu.o(i.TM_AHRSIMU_Init) refers to fdiv.o(.text) for __aeabi_fdiv
    tm_stm32_ahrs_imu.o(i.TM_AHRSIMU_UpdateAHRS) refers to fmul.o(.text) for __aeabi_fmul
    tm_stm32_ahrs_imu.o(i.TM_AHRSIMU_UpdateAHRS) refers to fadd.o(.text) for __aeabi_fsub
    tm_stm32_ahrs_imu.o(i.TM_AHRSIMU_UpdateAHRS) refers to fscalb.o(.text) for __ARM_scalbnf
    tm_stm32_ahrs_imu.o(i.TM_AHRSIMU_UpdateAHRS) refers to tm_stm32_ahrs_imu.o(i.oneOverSqrt) for oneOverSqrt
    tm_stm32_ahrs_imu.o(i.TM_AHRSIMU_UpdateAHRS) refers to f2d.o(.text) for __aeabi_f2d
    tm_stm32_ahrs_imu.o(i.TM_AHRSIMU_UpdateAHRS) refers to sqrt.o(i.sqrt) for sqrt
    tm_stm32_ahrs_imu.o(i.TM_AHRSIMU_UpdateAHRS) refers to d2f.o(.text) for __aeabi_d2f
    tm_stm32_ahrs_imu.o(i.TM_AHRSIMU_UpdateAHRS) refers to tm_stm32_ahrs_imu.o(i.TM_AHRSIMU_UpdateIMU) for TM_AHRSIMU_UpdateIMU
    tm_stm32_ahrs_imu.o(i.TM_AHRSIMU_UpdateAHRS) refers to tm_stm32_ahrs_imu.o(i.calculateAngles) for calculateAngles
    tm_stm32_ahrs_imu.o(i.TM_AHRSIMU_UpdateIMU) refers to fmul.o(.text) for __aeabi_fmul
    tm_stm32_ahrs_imu.o(i.TM_AHRSIMU_UpdateIMU) refers to fadd.o(.text) for __aeabi_fsub
    tm_stm32_ahrs_imu.o(i.TM_AHRSIMU_UpdateIMU) refers to fscalb.o(.text) for __ARM_scalbnf
    tm_stm32_ahrs_imu.o(i.TM_AHRSIMU_UpdateIMU) refers to tm_stm32_ahrs_imu.o(i.oneOverSqrt) for oneOverSqrt
    tm_stm32_ahrs_imu.o(i.TM_AHRSIMU_UpdateIMU) refers to tm_stm32_ahrs_imu.o(i.calculateAngles) for calculateAngles
    tm_stm32_ahrs_imu.o(i.calculateAngles) refers to fmul.o(.text) for __aeabi_fmul
    tm_stm32_ahrs_imu.o(i.calculateAngles) refers to fadd.o(.text) for __aeabi_frsub
    tm_stm32_ahrs_imu.o(i.calculateAngles) refers to f2d.o(.text) for __aeabi_f2d
    tm_stm32_ahrs_imu.o(i.calculateAngles) refers to atan2.o(i.atan2) for atan2
    tm_stm32_ahrs_imu.o(i.calculateAngles) refers to d2f.o(.text) for __aeabi_d2f
    tm_stm32_ahrs_imu.o(i.calculateAngles) refers to asin.o(i.asin) for asin
    tm_stm32_ahrs_imu.o(i.oneOverSqrt) refers to f2d.o(.text) for __aeabi_f2d
    tm_stm32_ahrs_imu.o(i.oneOverSqrt) refers to sqrt.o(i.sqrt) for sqrt
    tm_stm32_ahrs_imu.o(i.oneOverSqrt) refers to d2f.o(.text) for __aeabi_d2f
    tm_stm32_ahrs_imu.o(i.oneOverSqrt) refers to fdiv.o(.text) for __aeabi_fdiv
    main.o(i.MX_I2C1_Init) refers to stm32l0xx_hal_i2c.o(i.HAL_I2C_Init) for HAL_I2C_Init
    main.o(i.MX_I2C1_Init) refers to stm32l0xx_hal_i2c_ex.o(i.HAL_I2CEx_ConfigAnalogFilter) for HAL_I2CEx_ConfigAnalogFilter
    main.o(i.MX_I2C1_Init) refers to stm32l0xx_hal_i2c_ex.o(i.HAL_I2CEx_ConfigDigitalFilter) for HAL_I2CEx_ConfigDigitalFilter
    main.o(i.MX_I2C1_Init) refers to main.o(.bss) for .bss
    main.o(i.MX_TIM2_Init) refers to stm32l0xx_hal_tim.o(i.HAL_TIM_Base_Init) for HAL_TIM_Base_Init
    main.o(i.MX_TIM2_Init) refers to stm32l0xx_hal_tim.o(i.HAL_TIM_ConfigClockSource) for HAL_TIM_ConfigClockSource
    main.o(i.MX_TIM2_Init) refers to stm32l0xx_hal_tim.o(i.HAL_TIM_PWM_Init) for HAL_TIM_PWM_Init
    main.o(i.MX_TIM2_Init) refers to stm32l0xx_hal_tim_ex.o(i.HAL_TIMEx_MasterConfigSynchronization) for HAL_TIMEx_MasterConfigSynchronization
    main.o(i.MX_TIM2_Init) refers to stm32l0xx_hal_tim.o(i.HAL_TIM_PWM_ConfigChannel) for HAL_TIM_PWM_ConfigChannel
    main.o(i.MX_TIM2_Init) refers to stm32l0xx_hal_msp.o(i.HAL_TIM_MspPostInit) for HAL_TIM_MspPostInit
    main.o(i.MX_TIM2_Init) refers to main.o(.bss) for .bss
    main.o(i.PID) refers to fadd.o(.text) for __aeabi_fsub
    main.o(i.PID) refers to fmul.o(.text) for __aeabi_fmul
    main.o(i.PID) refers to fdiv.o(.text) for __aeabi_fdiv
    main.o(i.PID) refers to main.o(.data) for .data
    main.o(i.PID) refers to main.o(.bss) for .bss
    main.o(i.SystemClock_Config) refers to memseta.o(.text) for __aeabi_memclr4
    main.o(i.SystemClock_Config) refers to stm32l0xx_hal_rcc.o(i.HAL_RCC_OscConfig) for HAL_RCC_OscConfig
[...]
    i.HAL_PCDEx_LPM_Callback                 0x080010f0   Section        0  stm32l0xx_hal_pcd_ex.o(i.HAL_PCDEx_LPM_Callback)
    i.HAL_PCDEx_PMAConfig                    0x080010f2   Section        0  stm32l0xx_hal_pcd_ex.o(i.HAL_PCDEx_PMAConfig)
    i.HAL_PCD_DataInStageCallback            0x0800112c   Section        0  usbd_conf.o(i.HAL_PCD_DataInStageCallback)
    i.HAL_PCD_DataOutStageCallback           0x08001144   Section        0  usbd_conf.o(i.HAL_PCD_DataOutStageCallback)
    i.HAL_PCD_EP_Close                       0x08001160   Section        0  stm32l0xx_hal_pcd.o(i.HAL_PCD_EP_Close)
    i.HAL_PCD_EP_ClrStall                    0x080011a4   Section        0  stm32l0xx_hal_pcd.o(i.HAL_PCD_EP_ClrStall)
    i.HAL_PCD_EP_DB_Receive                  0x080011f8   Section        0  stm32l0xx_hal_pcd.o(i.HAL_PCD_EP_DB_Receive)
    HAL_PCD_EP_DB_Receive                    0x080011f9   Thumb Code   206  stm32l0xx_hal_pcd.o(i.HAL_PCD_EP_DB_Receive)
    i.HAL_PCD_EP_DB_Transmit                 0x080012d8   Section        0  stm32l0xx_hal_pcd.o(i.HAL_PCD_EP_DB_Transmit)
    HAL_PCD_EP_DB_Transmit                   0x080012d9   Thumb Code   538  stm32l0xx_hal_pcd.o(i.HAL_PCD_EP_DB_Transmit)
    i.HAL_PCD_EP_GetRxCount                  0x08001508   Section        0  stm32l0xx_hal_pcd.o(i.HAL_PCD_EP_GetRxCount)
    i.HAL_PCD_EP_Open                        0x0800151a   Section        0  stm32l0xx_hal_pcd.o(i.HAL_PCD_EP_Open)
    i.HAL_PCD_EP_Receive                     0x08001570   Section        0  stm32l0xx_hal_pcd.o(i.HAL_PCD_EP_Receive)
    i.HAL_PCD_EP_SetStall                    0x0800159a   Section        0  stm32l0xx_hal_pcd.o(i.HAL_PCD_EP_SetStall)
    i.HAL_PCD_EP_Transmit                    0x080015ee   Section        0  stm32l0xx_hal_pcd.o(i.HAL_PCD_EP_Transmit)
    i.HAL_PCD_IRQHandler                     0x08001620   Section        0  stm32l0xx_hal_pcd.o(i.HAL_PCD_IRQHandler)
    i.HAL_PCD_Init                           0x080017ac   Section        0  stm32l0xx_hal_pcd.o(i.HAL_PCD_Init)
    i.HAL_PCD_MspInit                        0x0800185c   Section        0  usbd_conf.o(i.HAL_PCD_MspInit)
    i.HAL_PCD_ResetCallback                  0x0800188c   Section        0  usbd_conf.o(i.HAL_PCD_ResetCallback)
    i.HAL_PCD_ResumeCallback                 0x080018b4   Section        0  usbd_conf.o(i.HAL_PCD_ResumeCallback)
    i.HAL_PCD_SOFCallback                    0x080018e0   Section        0  usbd_conf.o(i.HAL_PCD_SOFCallback)
    i.HAL_PCD_SetAddress                     0x080018f0   Section        0  stm32l0xx_hal_pcd.o(i.HAL_PCD_SetAddress)
    i.HAL_PCD_SetupStageCallback             0x08001916   Section        0  usbd_conf.o(i.HAL_PCD_SetupStageCallback)
    i.HAL_PCD_Start                          0x0800192e   Section        0  stm32l0xx_hal_pcd.o(i.HAL_PCD_Start)
    i.HAL_PCD_SuspendCallback                0x08001958   Section        0  usbd_conf.o(i.HAL_PCD_SuspendCallback)
    i.HAL_RCCEx_PeriphCLKConfig              0x08001980   Section        0  stm32l0xx_hal_rcc_ex.o(i.HAL_RCCEx_PeriphCLKConfig)
    i.HAL_RCC_ClockConfig                    0x08001b18   Section        0  stm32l0xx_hal_rcc.o(i.HAL_RCC_ClockConfig)
    i.HAL_RCC_GetSysClockFreq                0x08001c84   Section        0  stm32l0xx_hal_rcc.o(i.HAL_RCC_GetSysClockFreq)
    i.HAL_RCC_OscConfig                      0x08001cfc   Section        0  stm32l0xx_hal_rcc.o(i.HAL_RCC_OscConfig)
    i.HAL_SYSTICK_Config                     0x08002184   Section        0  stm32l0xx_hal_cortex.o(i.HAL_SYSTICK_Config)
    i.HAL_TIMEx_MasterConfigSynchronization  0x080021b4   Section        0  stm32l0xx_hal_tim_ex.o(i.HAL_TIMEx_MasterConfigSynchronization)
    i.HAL_TIM_Base_Init                      0x080021f0   Section        0  stm32l0xx_hal_tim.o(i.HAL_TIM_Base_Init)
    i.HAL_TIM_Base_MspInit                   0x08002224   Section        0  stm32l0xx_hal_msp.o(i.HAL_TIM_Base_MspInit)
    i.HAL_TIM_ConfigClockSource              0x08002240   Section        0  stm32l0xx_hal_tim.o(i.HAL_TIM_ConfigClockSource)
    i.HAL_TIM_MspPostInit                    0x08002310   Section        0  stm32l0xx_hal_msp.o(i.HAL_TIM_MspPostInit)
    i.HAL_TIM_PWM_ConfigChannel              0x0800237c   Section        0  stm32l0xx_hal_tim.o(i.HAL_TIM_PWM_ConfigChannel)
    i.HAL_TIM_PWM_Init                       0x0800244c   Section        0  stm32l0xx_hal_tim.o(i.HAL_TIM_PWM_Init)
    i.HAL_TIM_PWM_MspInit                    0x08002480   Section        0  stm32l0xx_hal_tim.o(i.HAL_TIM_PWM_MspInit)
    i.HAL_TIM_PWM_Start                      0x08002482   Section        0  stm32l0xx_hal_tim.o(i.HAL_TIM_PWM_Start)
    i.HardFault_Handler                      0x080024a6   Section        0  stm32l0xx_it.o(i.HardFault_Handler)
    i.I2C_Flush_TXDR                         0x080024a8   Section        0  stm32l0xx_hal_i2c.o(i.I2C_Flush_TXDR)
    I2C_Flush_TXDR                           0x080024a9   Thumb Code    34  stm32l0xx_hal_i2c.o(i.I2C_Flush_TXDR)
    i.I2C_IsAcknowledgeFailed                0x080024cc   Section        0  stm32l0xx_hal_i2c.o(i.I2C_IsAcknowledgeFailed)
    I2C_IsAcknowledgeFailed                  0x080024cd   Thumb Code   108  stm32l0xx_hal_i2c.o(i.I2C_IsAcknowledgeFailed)
    i.I2C_TransferConfig                     0x0800253c   Section        0  stm32l0xx_hal_i2c.o(i.I2C_TransferConfig)
    I2C_TransferConfig                       0x0800253d   Thumb Code    34  stm32l0xx_hal_i2c.o(i.I2C_TransferConfig)
    i.I2C_WaitOnFlagUntilTimeout             0x08002564   Section        0  stm32l0xx_hal_i2c.o(i.I2C_WaitOnFlagUntilTimeout)
    I2C_WaitOnFlagUntilTimeout               0x08002565   Thumb Code    78  stm32l0xx_hal_i2c.o(i.I2C_WaitOnFlagUntilTimeout)
    i.I2C_WaitOnRXNEFlagUntilTimeout         0x080025b4   Section        0  stm32l0xx_hal_i2c.o(i.I2C_WaitOnRXNEFlagUntilTimeout)
    I2C_WaitOnRXNEFlagUntilTimeout           0x080025b5   Thumb Code   122  stm32l0xx_hal_i2c.o(i.I2C_WaitOnRXNEFlagUntilTimeout)
    i.I2C_WaitOnSTOPFlagUntilTimeout         0x08002634   Section        0  stm32l0xx_hal_i2c.o(i.I2C_WaitOnSTOPFlagUntilTimeout)
    I2C_WaitOnSTOPFlagUntilTimeout           0x08002635   Thumb Code    76  stm32l0xx_hal_i2c.o(i.I2C_WaitOnSTOPFlagUntilTimeout)
    i.I2C_WaitOnTXISFlagUntilTimeout         0x08002680   Section        0  stm32l0xx_hal_i2c.o(i.I2C_WaitOnTXISFlagUntilTimeout)
    I2C_WaitOnTXISFlagUntilTimeout           0x08002681   Thumb Code    80  stm32l0xx_hal_i2c.o(i.I2C_WaitOnTXISFlagUntilTimeout)
    i.IntToUnicode                           0x080026d0   Section        0  usbd_desc.o(i.IntToUnicode)
    IntToUnicode                             0x080026d1   Thumb Code    44  usbd_desc.o(i.IntToUnicode)
    i.MX_I2C1_Init                           0x080026fc   Section        0  main.o(i.MX_I2C1_Init)
    MX_I2C1_Init                             0x080026fd   Thumb Code    52  main.o(i.MX_I2C1_Init)
    i.MX_TIM2_Init                           0x0800273c   Section        0  main.o(i.MX_TIM2_Init)
    MX_TIM2_Init                             0x0800273d   Thumb Code   148  main.o(i.MX_TIM2_Init)
    i.MX_USB_DEVICE_Init                     0x080027d4   Section        0  usb_device.o(i.MX_USB_DEVICE_Init)
    i.NMI_Handler                            0x08002828   Section        0  stm32l0xx_it.o(i.NMI_Handler)
    i.NVIC_SetPriority                       0x0800282c   Section        0  stm32l0xx_hal_cortex.o(i.NVIC_SetPriority)
    NVIC_SetPriority                         0x0800282d   Thumb Code    60  stm32l0xx_hal_cortex.o(i.NVIC_SetPriority)
    i.PCD_EP_ISR_Handler                     0x08002870   Section        0  stm32l0xx_hal_pcd.o(i.PCD_EP_ISR_Handler)
    PCD_EP_ISR_Handler                       0x08002871   Thumb Code   730  stm32l0xx_hal_pcd.o(i.PCD_EP_ISR_Handler)
    i.PID                                    0x08002b64   Section        0  main.o(i.PID)
    i.PendSV_Handler                         0x08002c00   Section        0  stm32l0xx_it.o(i.PendSV_Handler)
    i.SVC_Handler                            0x08002c02   Section        0  stm32l0xx_it.o(i.SVC_Handler)
    i.SysTick_Handler                        0x08002c04   Section        0  stm32l0xx_it.o(i.SysTick_Handler)
    i.SystemClock_Config                     0x08002c18   Section        0  main.o(i.SystemClock_Config)
    i.SystemInit                             0x08002ca0   Section        0  system_stm32l0xx.o(i.SystemInit)
    i.TIM_Base_SetConfig                     0x08002cf4   Section        0  stm32l0xx_hal_tim.o(i.TIM_Base_SetConfig)
    TIM_Base_SetConfig                       0x08002cf5   Thumb Code    78  stm32l0xx_hal_tim.o(i.TIM_Base_SetConfig)
    i.TIM_CCxChannelCmd                      0x08002d4c   Section        0  stm32l0xx_hal_tim.o(i.TIM_CCxChannelCmd)
    TIM_CCxChannelCmd                        0x08002d4d   Thumb Code    26  stm32l0xx_hal_tim.o(i.TIM_CCxChannelCmd)
    i.TIM_ETR_SetConfig                      0x08002d66   Section        0  stm32l0xx_hal_tim.o(i.TIM_ETR_SetConfig)
    TIM_ETR_SetConfig                        0x08002d67   Thumb Code    22  stm32l0xx_hal_tim.o(i.TIM_ETR_SetConfig)
    i.TIM_ITRx_SetConfig                     0x08002d7c   Section        0  stm32l0xx_hal_tim.o(i.TIM_ITRx_SetConfig)
    TIM_ITRx_SetConfig                       0x08002d7d   Thumb Code    16  stm32l0xx_hal_tim.o(i.TIM_ITRx_SetConfig)
    i.TIM_OC1_SetConfig                      0x08002d8c   Section        0  stm32l0xx_hal_tim.o(i.TIM_OC1_SetConfig)
    TIM_OC1_SetConfig                        0x08002d8d   Thumb Code    48  stm32l0xx_hal_tim.o(i.TIM_OC1_SetConfig)
    i.TIM_OC2_SetConfig                      0x08002dbc   Section        0  stm32l0xx_hal_tim.o(i.TIM_OC2_SetConfig)
    TIM_OC2_SetConfig                        0x08002dbd   Thumb Code    50  stm32l0xx_hal_tim.o(i.TIM_OC2_SetConfig)
    i.TIM_OC3_SetConfig                      0x08002dee   Section        0  stm32l0xx_hal_tim.o(i.TIM_OC3_SetConfig)
    TIM_OC3_SetConfig                        0x08002def   Thumb Code    54  stm32l0xx_hal_tim.o(i.TIM_OC3_SetConfig)
    i.TIM_OC4_SetConfig                      0x08002e24   Section        0  stm32l0xx_hal_tim.o(i.TIM_OC4_SetConfig)
    TIM_OC4_SetConfig                        0x08002e25   Thumb Code    54  stm32l0xx_hal_tim.o(i.TIM_OC4_SetConfig)
    i.TIM_TI1_ConfigInputStage               0x08002e5a   Section        0  stm32l0xx_hal_tim.o(i.TIM_TI1_ConfigInputStage)
    TIM_TI1_ConfigInputStage                 0x08002e5b   Thumb Code    34  stm32l0xx_hal_tim.o(i.TIM_TI1_ConfigInputStage)
    i.TIM_TI2_ConfigInputStage               0x08002e7c   Section        0  stm32l0xx_hal_tim.o(i.TIM_TI2_ConfigInputStage)
    TIM_TI2_ConfigInputStage                 0x08002e7d   Thumb Code    38  stm32l0xx_hal_tim.o(i.TIM_TI2_ConfigInputStage)
    i.TM_AHRSIMU_Init                        0x08002ea2   Section        0  tm_stm32_ahrs_imu.o(i.TM_AHRSIMU_Init)
    i.TM_AHRSIMU_UpdateIMU                   0x08002ec6   Section        0  tm_stm32_ahrs_imu.o(i.TM_AHRSIMU_UpdateIMU)
    i.USBD_CDC_DataIn                        0x0800335a   Section        0  usbd_cdc.o(i.USBD_CDC_DataIn)
    USBD_CDC_DataIn                          0x0800335b   Thumb Code    86  usbd_cdc.o(i.USBD_CDC_DataIn)
    i.USBD_CDC_DataOut                       0x080033b0   Section        0  usbd_cdc.o(i.USBD_CDC_DataOut)
    USBD_CDC_DataOut                         0x080033b1   Thumb Code    50  usbd_cdc.o(i.USBD_CDC_DataOut)
    i.USBD_CDC_DeInit                        0x080033e2   Section        0  usbd_cdc.o(i.USBD_CDC_DeInit)
    USBD_CDC_DeInit                          0x080033e3   Thumb Code    70  usbd_cdc.o(i.USBD_CDC_DeInit)
    i.USBD_CDC_EP0_RxReady                   0x08003428   Section        0  usbd_cdc.o(i.USBD_CDC_EP0_RxReady)
    USBD_CDC_EP0_RxReady                     0x08003429   Thumb Code    42  usbd_cdc.o(i.USBD_CDC_EP0_RxReady)
    i.USBD_CDC_GetDeviceQualifierDescriptor  0x08003454   Section        0  usbd_cdc.o(i.USBD_CDC_GetDeviceQualifierDescriptor)
    i.USBD_CDC_GetFSCfgDesc                  0x08003460   Section        0  usbd_cdc.o(i.USBD_CDC_GetFSCfgDesc)
    USBD_CDC_GetFSCfgDesc                    0x08003461   Thumb Code     8  usbd_cdc.o(i.USBD_CDC_GetFSCfgDesc)
    i.USBD_CDC_GetHSCfgDesc                  0x0800346c   Section        0  usbd_cdc.o(i.USBD_CDC_GetHSCfgDesc)
    USBD_CDC_GetHSCfgDesc                    0x0800346d   Thumb Code     8  usbd_cdc.o(i.USBD_CDC_GetHSCfgDesc)
    i.USBD_CDC_GetOtherSpeedCfgDesc          0x08003478   Section        0  usbd_cdc.o(i.USBD_CDC_GetOtherSpeedCfgDesc)
    USBD_CDC_GetOtherSpeedCfgDesc            0x08003479   Thumb Code     8  usbd_cdc.o(i.USBD_CDC_GetOtherSpeedCfgDesc)
    i.USBD_CDC_Init                          0x08003484   Section        0  usbd_cdc.o(i.USBD_CDC_Init)
    USBD_CDC_Init                            0x08003485   Thumb Code   154  usbd_cdc.o(i.USBD_CDC_Init)
    i.USBD_CDC_ReceivePacket                 0x0800351e   Section        0  usbd_cdc.o(i.USBD_CDC_ReceivePacket)
    i.USBD_CDC_RegisterInterface             0x08003558   Section        0  usbd_cdc.o(i.USBD_CDC_RegisterInterface)
    i.USBD_CDC_SetRxBuffer                   0x0800356c   Section        0  usbd_cdc.o(i.USBD_CDC_SetRxBuffer)
    i.USBD_CDC_SetTxBuffer                   0x08003580   Section        0  usbd_cdc.o(i.USBD_CDC_SetTxBuffer)
    i.USBD_CDC_Setup                         0x08003596   Section        0  usbd_cdc.o(i.USBD_CDC_Setup)
    USBD_CDC_Setup                           0x08003597   Thumb Code   174  usbd_cdc.o(i.USBD_CDC_Setup)
    i.USBD_ClrClassConfig                    0x08003644   Section        0  usbd_core.o(i.USBD_ClrClassConfig)
    i.USBD_CtlContinueRx                     0x08003656   Section        0  usbd_ioreq.o(i.USBD_CtlContinueRx)
    i.USBD_CtlContinueSendData               0x08003666   Section        0  usbd_ioreq.o(i.USBD_CtlContinueSendData)
    i.USBD_CtlError                          0x08003676   Section        0  usbd_ctlreq.o(i.USBD_CtlError)
    i.USBD_CtlPrepareRx                      0x0800368a   Section        0  usbd_ioreq.o(i.USBD_CtlPrepareRx)
    i.USBD_CtlReceiveStatus                  0x080036aa   Section        0  usbd_ioreq.o(i.USBD_CtlReceiveStatus)
    i.USBD_CtlSendData                       0x080036c2   Section        0  usbd_ioreq.o(i.USBD_CtlSendData)
    i.USBD_CtlSendStatus                     0x080036de   Section        0  usbd_ioreq.o(i.USBD_CtlSendStatus)
    i.USBD_FS_ConfigStrDescriptor            0x080036f8   Section        0  usbd_desc.o(i.USBD_FS_ConfigStrDescriptor)
    i.USBD_FS_DeviceDescriptor               0x08003718   Section        0  usbd_desc.o(i.USBD_FS_DeviceDescriptor)
    i.USBD_FS_InterfaceStrDescriptor         0x08003724   Section        0  usbd_desc.o(i.USBD_FS_InterfaceStrDescriptor)
    i.USBD_FS_LangIDStrDescriptor            0x08003748   Section        0  usbd_desc.o(i.USBD_FS_LangIDStrDescriptor)
    i.USBD_FS_ManufacturerStrDescriptor      0x08003754   Section        0  usbd_desc.o(i.USBD_FS_ManufacturerStrDescriptor)
    i.USBD_FS_ProductStrDescriptor           0x0800377c   Section        0  usbd_desc.o(i.USBD_FS_ProductStrDescriptor)
    i.USBD_FS_SerialStrDescriptor            0x080037a8   Section        0  usbd_desc.o(i.USBD_FS_SerialStrDescriptor)
    i.USBD_GetDescriptor                     0x080037dc   Section        0  usbd_ctlreq.o(i.USBD_GetDescriptor)
    USBD_GetDescriptor                       0x080037dd   Thumb Code   228  usbd_ctlreq.o(i.USBD_GetDescriptor)
    i.USBD_GetString                         0x080038c0   Section        0  usbd_ctlreq.o(i.USBD_GetString)
    i.USBD_Get_USB_Status                    0x08003906   Section        0  usbd_conf.o(i.USBD_Get_USB_Status)
    USBD_Get_USB_Status                      0x08003907   Thumb Code    24  usbd_conf.o(i.USBD_Get_USB_Status)
    i.USBD_Init                              0x0800391e   Section        0  usbd_core.o(i.USBD_Init)
    i.USBD_LL_ClearStallEP                   0x08003952   Section        0  usbd_conf.o(i.USBD_LL_ClearStallEP)
    i.USBD_LL_CloseEP                        0x08003966   Section        0  usbd_conf.o(i.USBD_LL_CloseEP)
    i.USBD_LL_DataInStage                    0x0800397a   Section        0  usbd_core.o(i.USBD_LL_DataInStage)
    i.USBD_LL_DataOutStage                   0x08003a4e   Section        0  usbd_core.o(i.USBD_LL_DataOutStage)
    i.USBD_LL_GetRxDataSize                  0x08003adc   Section        0  usbd_conf.o(i.USBD_LL_GetRxDataSize)
    i.USBD_LL_Init                           0x08003aec   Section        0  usbd_conf.o(i.USBD_LL_Init)
    i.USBD_LL_IsStallEP                      0x08003b70   Section        0  usbd_conf.o(i.USBD_LL_IsStallEP)
    i.USBD_LL_OpenEP                         0x08003b92   Section        0  usbd_conf.o(i.USBD_LL_OpenEP)
    i.USBD_LL_PrepareReceive                 0x08003bac   Section        0  usbd_conf.o(i.USBD_LL_PrepareReceive)
    i.USBD_LL_Reset                          0x08003bc0   Section        0  usbd_core.o(i.USBD_LL_Reset)
    i.USBD_LL_Resume                         0x08003c1a   Section        0  usbd_core.o(i.USBD_LL_Resume)
    i.USBD_LL_SOF                            0x08003c28   Section        0  usbd_core.o(i.USBD_LL_SOF)
    i.USBD_LL_SetSpeed                       0x08003c4a   Section        0  usbd_core.o(i.USBD_LL_SetSpeed)
    i.USBD_LL_SetUSBAddress                  0x08003c50   Section        0  usbd_conf.o(i.USBD_LL_SetUSBAddress)
    i.USBD_LL_SetupStage                     0x08003c64   Section        0  usbd_core.o(i.USBD_LL_SetupStage)
    i.USBD_LL_StallEP                        0x08003cbe   Section        0  usbd_conf.o(i.USBD_LL_StallEP)
    i.USBD_LL_Start                          0x08003cd2   Section        0  usbd_conf.o(i.USBD_LL_Start)
    i.USBD_LL_Suspend                        0x08003ce6   Section        0  usbd_core.o(i.USBD_LL_Suspend)
    i.USBD_LL_Transmit                       0x08003cf8   Section        0  usbd_conf.o(i.USBD_LL_Transmit)
    i.USBD_ParseSetupRequest                 0x08003d0c   Section        0  usbd_ctlreq.o(i.USBD_ParseSetupRequest)
    i.USBD_RegisterClass                     0x08003d34   Section        0  usbd_core.o(i.USBD_RegisterClass)
    i.USBD_SetClassConfig                    0x08003d4a   Section        0  usbd_core.o(i.USBD_SetClassConfig)
    i.USBD_SetConfig                         0x08003d68   Section        0  usbd_ctlreq.o(i.USBD_SetConfig)
    USBD_SetConfig                           0x08003d69   Thumb Code   126  usbd_ctlreq.o(i.USBD_SetConfig)
    i.USBD_Start                             0x08003dec   Section        0  usbd_core.o(i.USBD_Start)
    i.USBD_StdDevReq                         0x08003df6   Section        0  usbd_ctlreq.o(i.USBD_StdDevReq)
    i.USBD_StdEPReq                          0x08003f0a   Section        0  usbd_ctlreq.o(i.USBD_StdEPReq)
    i.USBD_StdItfReq                         0x0800407a   Section        0  usbd_ctlreq.o(i.USBD_StdItfReq)
    i.USBD_static_free                       0x080040d4   Section        0  usbd_conf.o(i.USBD_static_free)
    i.USBD_static_malloc                     0x080040d8   Section        0  usbd_conf.o(i.USBD_static_malloc)
    i.USB_ActivateEndpoint                   0x080040e0   Section        0  stm32l0xx_ll_usb.o(i.USB_ActivateEndpoint)
    i.USB_DeactivateEndpoint                 0x0800431c   Section        0  stm32l0xx_ll_usb.o(i.USB_DeactivateEndpoint)
    i.USB_DevConnect                         0x0800440c   Section        0  stm32l0xx_ll_usb.o(i.USB_DevConnect)
    i.USB_DevInit                            0x0800441c   Section        0  stm32l0xx_ll_usb.o(i.USB_DevInit)
    i.USB_DisableGlobalInt                   0x08004430   Section        0  stm32l0xx_ll_usb.o(i.USB_DisableGlobalInt)
    i.USB_EPClearStall                       0x08004444   Section        0  stm32l0xx_ll_usb.o(i.USB_EPClearStall)
    i.USB_EPSetStall                         0x080044c0   Section        0  stm32l0xx_ll_usb.o(i.USB_EPSetStall)
    i.USB_EPStartXfer                        0x080044f8   Section        0  stm32l0xx_ll_usb.o(i.USB_EPStartXfer)
    i.USB_EnableGlobalInt                    0x080049e4   Section        0  stm32l0xx_ll_usb.o(i.USB_EnableGlobalInt)
    i.USB_IRQHandler                         0x080049f8   Section        0  stm32l0xx_it.o(i.USB_IRQHandler)
    i.USB_ReadInterrupts                     0x08004a08   Section        0  stm32l0xx_ll_usb.o(i.USB_ReadInterrupts)
    i.USB_ReadPMA                            0x08004a0e   Section        0  stm32l0xx_ll_usb.o(i.USB_ReadPMA)
    i.USB_SetDevAddress                      0x08004a38   Section        0  stm32l0xx_ll_usb.o(i.USB_SetDevAddress)
    i.USB_WritePMA                           0x08004a46   Section        0  stm32l0xx_ll_usb.o(i.USB_WritePMA)
    i.__ARM_clz                              0x08004a6c   Section        0  depilogue.o(i.__ARM_clz)
    i.__ARM_common_switch8                   0x08004a9a   Section        0  stm32l0xx_hal_dma.o(i.__ARM_common_switch8)
    i.__ARM_fpclassify                       0x08004ab4   Section        0  fpclassify.o(i.__ARM_fpclassify)
    i.__kernel_poly                          0x08004ae0   Section        0  poly.o(i.__kernel_poly)
    i.__mathlib_dbl_infnan                   0x08004b8c   Section        0  dunder.o(i.__mathlib_dbl_infnan)
    i.__mathlib_dbl_infnan2                  0x08004b96   Section        0  dunder.o(i.__mathlib_dbl_infnan2)
    i.__mathlib_dbl_invalid                  0x08004b9e   Section        0  dunder.o(i.__mathlib_dbl_invalid)
    i.__mathlib_dbl_underflow                0x08004bb0   Section        0  dunder.o(i.__mathlib_dbl_underflow)
    i.__scatterload_copy                     0x08004bc4   Section       14  handlers.o(i.__scatterload_copy)
    i.__scatterload_null                     0x08004bd2   Section        2  handlers.o(i.__scatterload_null)
    i.__scatterload_zeroinit                 0x08004bd4   Section       14  handlers.o(i.__scatterload_zeroinit)
    i.__set_errno                            0x08004be4   Section        0  errno.o(i.__set_errno)
    i.asin                                   0x08004bf0   Section        0  asin.o(i.asin)
    i.atan                                   0x08004e64   Section        0  atan.o(i.atan)
    i.atan2                                  0x08005080   Section        0  atan2.o(i.atan2)
    i.calculateAngles                        0x0800521c   Section        0  tm_stm32_ahrs_imu.o(i.calculateAngles)
    calculateAngles                          0x0800521d   Thumb Code   300  tm_stm32_ahrs_imu.o(i.calculateAngles)
    i.fastcompaccelBMX055                    0x08005354   Section        0  imu_control.o(i.fastcompaccelBMX055)
    i.main                                   0x08005448   Section        0  main.o(i.main)
    i.oneOverSqrt                            0x08005630   Section        0  tm_stm32_ahrs_imu.o(i.oneOverSqrt)
    oneOverSqrt                              0x08005631   Thumb Code    26  tm_stm32_ahrs_imu.o(i.oneOverSqrt)
    i.readByte                               0x0800564c   Section        0  main.o(i.readByte)
    i.read_acc_gyro                          0x08005684   Section        0  imu_control.o(i.read_acc_gyro)
    i.sqrt                                   0x0800582c   Section        0  sqrt.o(i.sqrt)
    i.writeByte                              0x08005874   Section        0  main.o(i.writeByte)
    .constdata                               0x08005894   Section       25  system_stm32l0xx.o(.constdata)
    .constdata                               0x080058b0   Section       80  asin.o(.constdata)
    pS                                       0x080058b0   Data          48  asin.o(.constdata)
    qS                                       0x080058e0   Data          32  asin.o(.constdata)
    .constdata                               0x08005900   Section      152  atan.o(.constdata)
    atanhi                                   0x08005900   Data          32  atan.o(.constdata)
    atanlo                                   0x08005920   Data          32  atan.o(.constdata)
    aTodd                                    0x08005940   Data          40  atan.o(.constdata)
    aTeven                                   0x08005968   Data          48  atan.o(.constdata)
    .constdata                               0x08005998   Section        8  qnan.o(.constdata)
    .data                                    0x20000000   Section       64  main.o(.data)
    .data                                    0x20000040   Section       28  usbd_desc.o(.data)
    .data                                    0x2000005c   Section       50  usbd_desc.o(.data)
    .data                                    0x20000090   Section       16  usbd_cdc_if.o(.data)
    .data                                    0x200000a0   Section       48  imu_control.o(.data)
    .data                                    0x200000d0   Section       12  stm32l0xx_hal.o(.data)
    .data                                    0x200000dc   Section        4  system_stm32l0xx.o(.data)
    .data                                    0x200000e0   Section        1  usbd_ctlreq.o(.data)
    cfgidx                                   0x200000e0   Data           1  usbd_ctlreq.o(.data)
    .data                                    0x200000e4   Section      215  usbd_cdc.o(.data)
    USBD_CDC_DeviceQualifierDesc             0x200000e4   Data          10  usbd_cdc.o(.data)
    .data                                    0x200001bc   Section       56  usbd_cdc.o(.data)
    .data                                    0x200001f4   Section        4  errno.o(.data)
    _errno                                   0x200001f4   Data           4  errno.o(.data)
    .bss                                     0x200001f8   Section      168  main.o(.bss)
    pre_e                                    0x200001f8   Data          16  main.o(.bss)
    integ                                    0x20000208   Data          16  main.o(.bss)
    .bss                                     0x200002a0   Section      668  usb_device.o(.bss)
    .bss                                     0x2000053c   Section     1300  usbd_conf.o(.bss)
    mem                                      0x2000053c   Data         544  usbd_conf.o(.bss)
    .bss                                     0x20000a50   Section      512  usbd_desc.o(.bss)
    .bss                                     0x20000c50   Section     2000  usbd_cdc_if.o(.bss)
    .bss                                     0x20001420   Section       12  imu_control.o(.bss)
    STACK                                    0x20001430   Section     1024  startup_stm32l053xx.o(STACK)

    Global Symbols

    Symbol Name                              Value     Ov Type        Size  Object(Section)

    BuildAttributes$$THM_ISAv3M$S$PE$A:L22$X:L11$S22$IEEE1$IW$USESV6$~STKCKD$USESV7$~SHL$OTIME$ROPI$IEEEX$EBA8$MICROLIB$REQ8$PRES8$EABIv2 0x00000000   Number         0  anon$$obj.o ABSOLUTE
    __ARM_use_no_argv                        0x00000000   Number         0  main.o ABSOLUTE
    __arm_fini_                               - Undefined Weak Reference
    __cpp_initialize__aeabi_                  - Undefined Weak Reference
    __cxa_finalize                            - Undefined Weak Reference
    _clock_init                               - Undefined Weak Reference
    _microlib_exit                            - Undefined Weak Reference
    __Vectors_Size                           0x000000c0   Number         0  startup_stm32l053xx.o ABSOLUTE
    __Vectors                                0x08000000   Data           4  startup_stm32l053xx.o(RESET)
    __Vectors_End                            0x080000c0   Data           0  startup_stm32l053xx.o(RESET)
    __main                                   0x080000c1   Thumb Code     0  entry.o(.ARM.Collect$$$$00000000)
    _main_stk                                0x080000c1   Thumb Code     0  entry2.o(.ARM.Collect$$$$00000001)
    _main_scatterload                        0x080000c5   Thumb Code     0  entry5.o(.ARM.Collect$$$$00000004)
    __main_after_scatterload                 0x080000c9   Thumb Code     0  entry5.o(.ARM.Collect$$$$00000004)
    _main_clock                              0x080000c9   Thumb Code     0  entry7b.o(.ARM.Collect$$$$00000008)
    _main_cpp_init                           0x080000c9   Thumb Code     0  entry8b.o(.ARM.Collect$$$$0000000A)
    _main_init                               0x080000c9   Thumb Code     0  entry9a.o(.ARM.Collect$$$$0000000B)
    __rt_lib_shutdown_fini                   0x080000d1   Thumb Code     0  entry12b.o(.ARM.Collect$$$$0000000E)
    __rt_final_cpp                           0x080000d5   Thumb Code     0  entry10a.o(.ARM.Collect$$$$0000000F)
    __rt_final_exit                          0x080000d5   Thumb Code     0  entry11a.o(.ARM.Collect$$$$00000011)
    Reset_Handler                            0x080000d9   Thumb Code     8  startup_stm32l053xx.o(.text)
    ADC1_COMP_IRQHandler                     0x080000eb   Thumb Code     0  startup_stm32l053xx.o(.text)
    DMA1_Channel1_IRQHandler                 0x080000eb   Thumb Code     0  startup_stm32l053xx.o(.text)
    DMA1_Channel2_3_IRQHandler               0x080000eb   Thumb Code     0  startup_stm32l053xx.o(.text)
    DMA1_Channel4_5_6_7_IRQHandler           0x080000eb   Thumb Code     0  startup_stm32l053xx.o(.text)
    EXTI0_1_IRQHandler                       0x080000eb   Thumb Code     0  startup_stm32l053xx.o(.text)
    EXTI2_3_IRQHandler                       0x080000eb   Thumb Code     0  startup_stm32l053xx.o(.text)
    EXTI4_15_IRQHandler                      0x080000eb   Thumb Code     0  startup_stm32l053xx.o(.text)
    FLASH_IRQHandler                         0x080000eb   Thumb Code     0  startup_stm32l053xx.o(.text)
    I2C1_IRQHandler                          0x080000eb   Thumb Code     0  startup_stm32l053xx.o(.text)
    I2C2_IRQHandler                          0x080000eb   Thumb Code     0  startup_stm32l053xx.o(.text)
    LCD_IRQHandler                           0x080000eb   Thumb Code     0  startup_stm32l053xx.o(.text)
    LPTIM1_IRQHandler                        0x080000eb   Thumb Code     0  startup_stm32l053xx.o(.text)
    PVD_IRQHandler                           0x080000eb   Thumb Code     0  startup_stm32l053xx.o(.text)
    RCC_CRS_IRQHandler                       0x080000eb   Thumb Code     0  startup_stm32l053xx.o(.text)
    RNG_LPUART1_IRQHandler                   0x080000eb   Thumb Code     0  startup_stm32l053xx.o(.text)
    RTC_IRQHandler                           0x080000eb   Thumb Code     0  startup_stm32l053xx.o(.text)
    SPI1_IRQHandler                          0x080000eb   Thumb Code     0  startup_stm32l053xx.o(.text)
    SPI2_IRQHandler                          0x080000eb   Thumb Code     0  startup_stm32l053xx.o(.text)
    TIM21_IRQHandler                         0x080000eb   Thumb Code     0  startup_stm32l053xx.o(.text)
    TIM22_IRQHandler                         0x080000eb   Thumb Code     0  startup_stm32l053xx.o(.text)
    TIM2_IRQHandler                          0x080000eb   Thumb Code     0  startup_stm32l053xx.o(.text)
    TIM6_DAC_IRQHandler                      0x080000eb   Thumb Code     0  startup_stm32l053xx.o(.text)
    TSC_IRQHandler                           0x080000eb   Thumb Code     0  startup_stm32l053xx.o(.text)
    USART1_IRQHandler                        0x080000eb   Thumb Code     0  startup_stm32l053xx.o(.text)
    USART2_IRQHandler                        0x080000eb   Thumb Code     0  startup_stm32l053xx.o(.text)
    WWDG_IRQHandler                          0x080000eb   Thumb Code     0  startup_stm32l053xx.o(.text)
    __aeabi_uidiv                            0x080000f5   Thumb Code     0  uidiv.o(.text)
    __aeabi_uidivmod                         0x080000f5   Thumb Code    44  uidiv.o(.text)
    __aeabi_memcpy                           0x08000121   Thumb Code    36  memcpya.o(.text)
    __aeabi_memcpy4                          0x08000121   Thumb Code     0  memcpya.o(.text)
    __aeabi_memcpy8                          0x08000121   Thumb Code     0  memcpya.o(.text)
    __aeabi_memset                           0x08000145   Thumb Code    14  memseta.o(.text)
    __aeabi_memset4                          0x08000145   Thumb Code     0  memseta.o(.text)
    __aeabi_memset8                          0x08000145   Thumb Code     0  memseta.o(.text)
    __aeabi_memclr                           0x08000153   Thumb Code     4  memseta.o(.text)
    __aeabi_memclr4                          0x08000153   Thumb Code     0  memseta.o(.text)
    __aeabi_memclr8                          0x08000153   Thumb Code     0  memseta.o(.text)
    _memset$wrapper                          0x08000157   Thumb Code    18  memseta.o(.text)
    __aeabi_fadd                             0x08000169   Thumb Code   162  fadd.o(.text)
    __aeabi_fsub                             0x0800020b   Thumb Code     8  fadd.o(.text)
    __aeabi_frsub                            0x08000213   Thumb Code     8  fadd.o(.text)
    __aeabi_fmul                             0x0800021b   Thumb Code   122  fmul.o(.text)
    __aeabi_fdiv                             0x08000295   Thumb Code   124  fdiv.o(.text)
    __ARM_scalbnf                            0x08000311   Thumb Code    24  fscalb.o(.text)
    scalbnf                                  0x08000311   Thumb Code     0  fscalb.o(.text)
    __aeabi_i2f                              0x08000329   Thumb Code    22  fflti.o(.text)
    __aeabi_ui2f                             0x0800033f   Thumb Code    14  ffltui.o(.text)
    __aeabi_f2uiz                            0x0800034d   Thumb Code    40  ffixui.o(.text)
    __aeabi_f2d                              0x08000375   Thumb Code    40  f2d.o(.text)
    __aeabi_d2f                              0x0800039d   Thumb Code    56  d2f.o(.text)
    __I$use$fp                               0x080003d5   Thumb Code     0  iusefp.o(.text)
    _float_round                             0x080003d5   Thumb Code    16  fepilogue.o(.text)
    _float_epilogue                          0x080003e5   Thumb Code   114  fepilogue.o(.text)
    __aeabi_dadd                             0x08000459   Thumb Code   330  dadd.o(.text)
    __aeabi_dsub                             0x080005a3   Thumb Code    12  dadd.o(.text)
    __aeabi_drsub                            0x080005af   Thumb Code    12  dadd.o(.text)
    __aeabi_dmul                             0x080005c1   Thumb Code   202  dmul.o(.text)
    __aeabi_ddiv                             0x08000691   Thumb Code   234  ddiv.o(.text)
    __ARM_scalbn                             0x08000781   Thumb Code    44  dscalb.o(.text)
    scalbn                                   0x08000781   Thumb Code     0  dscalb.o(.text)
    _dsqrt                                   0x080007ad   Thumb Code   162  dsqrt.o(.text)
    __aeabi_cdcmpeq                          0x08000851   Thumb Code     0  cdcmple.o(.text)
    __aeabi_cdcmple                          0x08000851   Thumb Code    38  cdcmple.o(.text)
    __scatterload                            0x08000879   Thumb Code    28  init.o(.text)
    __scatterload_rt2                        0x08000879   Thumb Code     0  init.o(.text)
    __aeabi_llsl                             0x0800089d   Thumb Code    32  llshl.o(.text)
    _ll_shift_l                              0x0800089d   Thumb Code     0  llshl.o(.text)
    __aeabi_llsr                             0x080008bd   Thumb Code    34  llushr.o(.text)
    _ll_ushift_r                             0x080008bd   Thumb Code     0  llushr.o(.text)
    __aeabi_lasr                             0x080008df   Thumb Code    38  llsshr.o(.text)
    _ll_sshift_r                             0x080008df   Thumb Code     0  llsshr.o(.text)
    _double_round                            0x08000905   Thumb Code    26  depilogue.o(.text)
    _double_epilogue                         0x0800091f   Thumb Code   164  depilogue.o(.text)
    __decompress                             0x080009c3   Thumb Code     0  __dczerorl2.o(.text)
    __decompress1                            0x080009c3   Thumb Code    86  __dczerorl2.o(.text)
    BMX_Setup                                0x08000a19   Thumb Code    72  imu_control.o(i.BMX_Setup)
    Error_Handler                            0x08000aa5   Thumb Code     2  main.o(i.Error_Handler)
    HAL_Delay                                0x08000aa9   Thumb Code    32  stm32l0xx_hal.o(i.HAL_Delay)
    HAL_GPIO_Init                            0x08000acd   Thumb Code   346  stm32l0xx_hal_gpio.o(i.HAL_GPIO_Init)
    HAL_GetTick                              0x08000c45   Thumb Code     6  stm32l0xx_hal.o(i.HAL_GetTick)
    HAL_I2CEx_ConfigAnalogFilter             0x08000c51   Thumb Code    74  stm32l0xx_hal_i2c_ex.o(i.HAL_I2CEx_ConfigAnalogFilter)
    HAL_I2CEx_ConfigDigitalFilter            0x08000c9b   Thumb Code    72  stm32l0xx_hal_i2c_ex.o(i.HAL_I2CEx_ConfigDigitalFilter)
    HAL_I2C_Init                             0x08000ce5   Thumb Code   176  stm32l0xx_hal_i2c.o(i.HAL_I2C_Init)
    HAL_I2C_Master_Receive                   0x08000d99   Thumb Code   262  stm32l0xx_hal_i2c.o(i.HAL_I2C_Master_Receive)
    HAL_I2C_Master_Transmit                  0x08000ea9   Thumb Code   262  stm32l0xx_hal_i2c.o(i.HAL_I2C_Master_Transmit)
    HAL_I2C_MspInit                          0x08000fb9   Thumb Code    78  stm32l0xx_hal_msp.o(i.HAL_I2C_MspInit)
    HAL_IncTick                              0x08001015   Thumb Code    12  stm32l0xx_hal.o(i.HAL_IncTick)
    HAL_Init                                 0x08001025   Thumb Code    36  stm32l0xx_hal.o(i.HAL_Init)
    HAL_InitTick                             0x0800104d   Thumb Code    58  stm32l0xx_hal.o(i.HAL_InitTick)
    HAL_MspInit                              0x08001091   Thumb Code    20  stm32l0xx_hal_msp.o(i.HAL_MspInit)
    HAL_NVIC_EnableIRQ                       0x080010a9   Thumb Code    14  stm32l0xx_hal_cortex.o(i.HAL_NVIC_EnableIRQ)
    HAL_NVIC_SetPriority                     0x080010bd   Thumb Code     8  stm32l0xx_hal_cortex.o(i.HAL_NVIC_SetPriority)
    HAL_PCDEx_ActivateLPM                    0x080010c5   Thumb Code    44  stm32l0xx_hal_pcd_ex.o(i.HAL_PCDEx_ActivateLPM)
    HAL_PCDEx_LPM_Callback                   0x080010f1   Thumb Code     2  stm32l0xx_hal_pcd_ex.o(i.HAL_PCDEx_LPM_Callback)
    HAL_PCDEx_PMAConfig                      0x080010f3   Thumb Code    58  stm32l0xx_hal_pcd_ex.o(i.HAL_PCDEx_PMAConfig)
    HAL_PCD_DataInStageCallback              0x0800112d   Thumb Code    24  usbd_conf.o(i.HAL_PCD_DataInStageCallback)
    HAL_PCD_DataOutStageCallback             0x08001145   Thumb Code    28  usbd_conf.o(i.HAL_PCD_DataOutStageCallback)
    HAL_PCD_EP_Close                         0x08001161   Thumb Code    68  stm32l0xx_hal_pcd.o(i.HAL_PCD_EP_Close)
    HAL_PCD_EP_ClrStall                      0x080011a5   Thumb Code    84  stm32l0xx_hal_pcd.o(i.HAL_PCD_EP_ClrStall)
    HAL_PCD_EP_GetRxCount                    0x08001509   Thumb Code    18  stm32l0xx_hal_pcd.o(i.HAL_PCD_EP_GetRxCount)
    HAL_PCD_EP_Open                          0x0800151b   Thumb Code    86  stm32l0xx_hal_pcd.o(i.HAL_PCD_EP_Open)
    HAL_PCD_EP_Receive                       0x08001571   Thumb Code    42  stm32l0xx_hal_pcd.o(i.HAL_PCD_EP_Receive)
    HAL_PCD_EP_SetStall                      0x0800159b   Thumb Code    84  stm32l0xx_hal_pcd.o(i.HAL_PCD_EP_SetStall)
    HAL_PCD_EP_Transmit                      0x080015ef   Thumb Code    48  stm32l0xx_hal_pcd.o(i.HAL_PCD_EP_Transmit)
    HAL_PCD_IRQHandler                       0x08001621   Thumb Code   366  stm32l0xx_hal_pcd.o(i.HAL_PCD_IRQHandler)
    HAL_PCD_Init                             0x080017ad   Thumb Code   174  stm32l0xx_hal_pcd.o(i.HAL_PCD_Init)
    HAL_PCD_MspInit                          0x0800185d   Thumb Code    40  usbd_conf.o(i.HAL_PCD_MspInit)
    HAL_PCD_ResetCallback                    0x0800188d   Thumb Code    38  usbd_conf.o(i.HAL_PCD_ResetCallback)
    HAL_PCD_ResumeCallback                   0x080018b5   Thumb Code    38  usbd_conf.o(i.HAL_PCD_ResumeCallback)
    HAL_PCD_SOFCallback                      0x080018e1   Thumb Code    16  usbd_conf.o(i.HAL_PCD_SOFCallback)
    HAL_PCD_SetAddress                       0x080018f1   Thumb Code    38  stm32l0xx_hal_pcd.o(i.HAL_PCD_SetAddress)
    HAL_PCD_SetupStageCallback               0x08001917   Thumb Code    24  usbd_conf.o(i.HAL_PCD_SetupStageCallback)
    HAL_PCD_Start                            0x0800192f   Thumb Code    42  stm32l0xx_hal_pcd.o(i.HAL_PCD_Start)
    HAL_PCD_SuspendCallback                  0x08001959   Thumb Code    34  usbd_conf.o(i.HAL_PCD_SuspendCallback)
    HAL_RCCEx_PeriphCLKConfig                0x08001981   Thumb Code   396  stm32l0xx_hal_rcc_ex.o(i.HAL_RCCEx_PeriphCLKConfig)
    HAL_RCC_ClockConfig                      0x08001b19   Thumb Code   344  stm32l0xx_hal_rcc.o(i.HAL_RCC_ClockConfig)
    HAL_RCC_GetSysClockFreq                  0x08001c85   Thumb Code   100  stm32l0xx_hal_rcc.o(i.HAL_RCC_GetSysClockFreq)
    HAL_RCC_OscConfig                        0x08001cfd   Thumb Code  1158  stm32l0xx_hal_rcc.o(i.HAL_RCC_OscConfig)
    HAL_SYSTICK_Config                       0x08002185   Thumb Code    38  stm32l0xx_hal_cortex.o(i.HAL_SYSTICK_Config)
    HAL_TIMEx_MasterConfigSynchronization    0x080021b5   Thumb Code    60  stm32l0xx_hal_tim_ex.o(i.HAL_TIMEx_MasterConfigSynchronization)
    HAL_TIM_Base_Init                        0x080021f1   Thumb Code    52  stm32l0xx_hal_tim.o(i.HAL_TIM_Base_Init)
    HAL_TIM_Base_MspInit                     0x08002225   Thumb Code    22  stm32l0xx_hal_msp.o(i.HAL_TIM_Base_MspInit)
    HAL_TIM_ConfigClockSource                0x08002241   Thumb Code   208  stm32l0xx_hal_tim.o(i.HAL_TIM_ConfigClockSource)
    HAL_TIM_MspPostInit                      0x08002311   Thumb Code    96  stm32l0xx_hal_msp.o(i.HAL_TIM_MspPostInit)
    HAL_TIM_PWM_ConfigChannel                0x0800237d   Thumb Code   208  stm32l0xx_hal_tim.o(i.HAL_TIM_PWM_ConfigChannel)
    HAL_TIM_PWM_Init                         0x0800244d   Thumb Code    52  stm32l0xx_hal_tim.o(i.HAL_TIM_PWM_Init)
    HAL_TIM_PWM_MspInit                      0x08002481   Thumb Code     2  stm32l0xx_hal_tim.o(i.HAL_TIM_PWM_MspInit)
    HAL_TIM_PWM_Start                        0x08002483   Thumb Code    36  stm32l0xx_hal_tim.o(i.HAL_TIM_PWM_Start)
    HardFault_Handler                        0x080024a7   Thumb Code     2  stm32l0xx_it.o(i.HardFault_Handler)
    MX_USB_DEVICE_Init                       0x080027d5   Thumb Code    68  usb_device.o(i.MX_USB_DEVICE_Init)
    NMI_Handler                              0x08002829   Thumb Code     2  stm32l0xx_it.o(i.NMI_Handler)
    PID                                      0x08002b65   Thumb Code   134  main.o(i.PID)
    PendSV_Handler                           0x08002c01   Thumb Code     2  stm32l0xx_it.o(i.PendSV_Handler)
    SVC_Handler                              0x08002c03   Thumb Code     2  stm32l0xx_it.o(i.SVC_Handler)
    SysTick_Handler                          0x08002c05   Thumb Code    16  stm32l0xx_it.o(i.SysTick_Handler)
    SystemClock_Config                       0x08002c19   Thumb Code   132  main.o(i.SystemClock_Config)
    SystemInit                               0x08002ca1   Thumb Code    66  system_stm32l0xx.o(i.SystemInit)
    TM_AHRSIMU_Init                          0x08002ea3   Thumb Code    36  tm_stm32_ahrs_imu.o(i.TM_AHRSIMU_Init)
    TM_AHRSIMU_UpdateIMU                     0x08002ec7   Thumb Code  1172  tm_stm32_ahrs_imu.o(i.TM_AHRSIMU_UpdateIMU)
    USBD_CDC_GetDeviceQualifierDescriptor    0x08003455   Thumb Code     8  usbd_cdc.o(i.USBD_CDC_GetDeviceQualifierDescriptor)
    USBD_CDC_ReceivePacket                   0x0800351f   Thumb Code    58  usbd_cdc.o(i.USBD_CDC_ReceivePacket)
    USBD_CDC_RegisterInterface               0x08003559   Thumb Code    20  usbd_cdc.o(i.USBD_CDC_RegisterInterface)
    USBD_CDC_SetRxBuffer                     0x0800356d   Thumb Code    20  usbd_cdc.o(i.USBD_CDC_SetRxBuffer)
    USBD_CDC_SetTxBuffer                     0x08003581   Thumb Code    22  usbd_cdc.o(i.USBD_CDC_SetTxBuffer)
    USBD_ClrClassConfig                      0x08003645   Thumb Code    18  usbd_core.o(i.USBD_ClrClassConfig)
    USBD_CtlContinueRx                       0x08003657   Thumb Code    16  usbd_ioreq.o(i.USBD_CtlContinueRx)
    USBD_CtlContinueSendData                 0x08003667   Thumb Code    16  usbd_ioreq.o(i.USBD_CtlContinueSendData)
    USBD_CtlError                            0x08003677   Thumb Code    20  usbd_ctlreq.o(i.USBD_CtlError)
    USBD_CtlPrepareRx                        0x0800368b   Thumb Code    32  usbd_ioreq.o(i.USBD_CtlPrepareRx)
    USBD_CtlReceiveStatus                    0x080036ab   Thumb Code    24  usbd_ioreq.o(i.USBD_CtlReceiveStatus)
    USBD_CtlSendData                         0x080036c3   Thumb Code    28  usbd_ioreq.o(i.USBD_CtlSendData)
    USBD_CtlSendStatus                       0x080036df   Thumb Code    24  usbd_ioreq.o(i.USBD_CtlSendStatus)
    USBD_FS_ConfigStrDescriptor              0x080036f9   Thumb Code    16  usbd_desc.o(i.USBD_FS_ConfigStrDescriptor)
    USBD_FS_DeviceDescriptor                 0x08003719   Thumb Code     8  usbd_desc.o(i.USBD_FS_DeviceDescriptor)
    USBD_FS_InterfaceStrDescriptor           0x08003725   Thumb Code    16  usbd_desc.o(i.USBD_FS_InterfaceStrDescriptor)
    USBD_FS_LangIDStrDescriptor              0x08003749   Thumb Code     8  usbd_desc.o(i.USBD_FS_LangIDStrDescriptor)
    USBD_FS_ManufacturerStrDescriptor        0x08003755   Thumb Code    16  usbd_desc.o(i.USBD_FS_ManufacturerStrDescriptor)
    USBD_FS_ProductStrDescriptor             0x0800377d   Thumb Code    16  usbd_desc.o(i.USBD_FS_ProductStrDescriptor)
    USBD_FS_SerialStrDescriptor              0x080037a9   Thumb Code    44  usbd_desc.o(i.USBD_FS_SerialStrDescriptor)
    USBD_GetString                           0x080038c1   Thumb Code    70  usbd_ctlreq.o(i.USBD_GetString)
    USBD_Init                                0x0800391f   Thumb Code    52  usbd_core.o(i.USBD_Init)
    USBD_LL_ClearStallEP                     0x08003953   Thumb Code    20  usbd_conf.o(i.USBD_LL_ClearStallEP)
    USBD_LL_CloseEP                          0x08003967   Thumb Code    20  usbd_conf.o(i.USBD_LL_CloseEP)
    USBD_LL_DataInStage                      0x0800397b   Thumb Code   212  usbd_core.o(i.USBD_LL_DataInStage)
    USBD_LL_DataOutStage                     0x08003a4f   Thumb Code   142  usbd_core.o(i.USBD_LL_DataOutStage)
    USBD_LL_GetRxDataSize                    0x08003add   Thumb Code    16  usbd_conf.o(i.USBD_LL_GetRxDataSize)
    USBD_LL_Init                             0x08003aed   Thumb Code   120  usbd_conf.o(i.USBD_LL_Init)
    USBD_LL_IsStallEP                        0x08003b71   Thumb Code    34  usbd_conf.o(i.USBD_LL_IsStallEP)
    USBD_LL_OpenEP                           0x08003b93   Thumb Code    26  usbd_conf.o(i.USBD_LL_OpenEP)
    USBD_LL_PrepareReceive                   0x08003bad   Thumb Code    20  usbd_conf.o(i.USBD_LL_PrepareReceive)
    USBD_LL_Reset                            0x08003bc1   Thumb Code    90  usbd_core.o(i.USBD_LL_Reset)
    USBD_LL_Resume                           0x08003c1b   Thumb Code    14  usbd_core.o(i.USBD_LL_Resume)
    USBD_LL_SOF                              0x08003c29   Thumb Code    34  usbd_core.o(i.USBD_LL_SOF)
    USBD_LL_SetSpeed                         0x08003c4b   Thumb Code     6  usbd_core.o(i.USBD_LL_SetSpeed)
    USBD_LL_SetUSBAddress                    0x08003c51   Thumb Code    20  usbd_conf.o(i.USBD_LL_SetUSBAddress)
    USBD_LL_SetupStage                       0x08003c65   Thumb Code    90  usbd_core.o(i.USBD_LL_SetupStage)
    USBD_LL_StallEP                          0x08003cbf   Thumb Code    20  usbd_conf.o(i.USBD_LL_StallEP)
    USBD_LL_Start                            0x08003cd3   Thumb Code    20  usbd_conf.o(i.USBD_LL_Start)
    USBD_LL_Suspend                          0x08003ce7   Thumb Code    18  usbd_core.o(i.USBD_LL_Suspend)
    USBD_LL_Transmit                         0x08003cf9   Thumb Code    20  usbd_conf.o(i.USBD_LL_Transmit)
    USBD_ParseSetupRequest                   0x08003d0d   Thumb Code    40  usbd_ctlreq.o(i.USBD_ParseSetupRequest)
    USBD_RegisterClass                       0x08003d35   Thumb Code    22  usbd_core.o(i.USBD_RegisterClass)
    USBD_SetClassConfig                      0x08003d4b   Thumb Code    30  usbd_core.o(i.USBD_SetClassConfig)
    USBD_Start                               0x08003ded   Thumb Code    10  usbd_core.o(i.USBD_Start)
    USBD_StdDevReq                           0x08003df7   Thumb Code   276  usbd_ctlreq.o(i.USBD_StdDevReq)
    USBD_StdEPReq                            0x08003f0b   Thumb Code   368  usbd_ctlreq.o(i.USBD_StdEPReq)
    USBD_StdItfReq                           0x0800407b   Thumb Code    90  usbd_ctlreq.o(i.USBD_StdItfReq)
    USBD_static_free                         0x080040d5   Thumb Code     2  usbd_conf.o(i.USBD_static_free)
    USBD_static_malloc                       0x080040d9   Thumb Code     4  usbd_conf.o(i.USBD_static_malloc)
    USB_ActivateEndpoint                     0x080040e1   Thumb Code   542  stm32l0xx_ll_usb.o(i.USB_ActivateEndpoint)
    USB_DeactivateEndpoint                   0x0800431d   Thumb Code   226  stm32l0xx_ll_usb.o(i.USB_DeactivateEndpoint)
    USB_DevConnect                           0x0800440d   Thumb Code    16  stm32l0xx_ll_usb.o(i.USB_DevConnect)
    USB_DevInit                              0x0800441d   Thumb Code    18  stm32l0xx_ll_usb.o(i.USB_DevInit)
    USB_DisableGlobalInt                     0x08004431   Thumb Code    14  stm32l0xx_ll_usb.o(i.USB_DisableGlobalInt)
    USB_EPClearStall                         0x08004445   Thumb Code   110  stm32l0xx_ll_usb.o(i.USB_EPClearStall)
    USB_EPSetStall                           0x080044c1   Thumb Code    42  stm32l0xx_ll_usb.o(i.USB_EPSetStall)
    USB_EPStartXfer                          0x080044f9   Thumb Code  1244  stm32l0xx_ll_usb.o(i.USB_EPStartXfer)
    USB_EnableGlobalInt                      0x080049e5   Thumb Code    14  stm32l0xx_ll_usb.o(i.USB_EnableGlobalInt)
    USB_IRQHandler                           0x080049f9   Thumb Code    10  stm32l0xx_it.o(i.USB_IRQHandler)
    USB_ReadInterrupts                       0x08004a09   Thumb Code     6  stm32l0xx_ll_usb.o(i.USB_ReadInterrupts)
    USB_ReadPMA                              0x08004a0f   Thumb Code    42  stm32l0xx_ll_usb.o(i.USB_ReadPMA)
    USB_SetDevAddress                        0x08004a39   Thumb Code    14  stm32l0xx_ll_usb.o(i.USB_SetDevAddress)
    USB_WritePMA                             0x08004a47   Thumb Code    38  stm32l0xx_ll_usb.o(i.USB_WritePMA)
    __ARM_clz                                0x08004a6d   Thumb Code    46  depilogue.o(i.__ARM_clz)
    __ARM_common_switch8                     0x08004a9b   Thumb Code    26  stm32l0xx_hal_dma.o(i.__ARM_common_switch8)
    __ARM_fpclassify                         0x08004ab5   Thumb Code    40  fpclassify.o(i.__ARM_fpclassify)
    __kernel_poly                            0x08004ae1   Thumb Code   172  poly.o(i.__kernel_poly)
    __mathlib_dbl_infnan                     0x08004b8d   Thumb Code    10  dunder.o(i.__mathlib_dbl_infnan)
    __mathlib_dbl_infnan2                    0x08004b97   Thumb Code     8  dunder.o(i.__mathlib_dbl_infnan2)
    __mathlib_dbl_invalid                    0x08004b9f   Thumb Code    16  dunder.o(i.__mathlib_dbl_invalid)
    __mathlib_dbl_underflow                  0x08004bb1   Thumb Code    14  dunder.o(i.__mathlib_dbl_underflow)
    __scatterload_copy                       0x08004bc5   Thumb Code    14  handlers.o(i.__scatterload_copy)
    __scatterload_null                       0x08004bd3   Thumb Code     2  handlers.o(i.__scatterload_null)
    __scatterload_zeroinit                   0x08004bd5   Thumb Code    14  handlers.o(i.__scatterload_zeroinit)
    __set_errno                              0x08004be5   Thumb Code     6  errno.o(i.__set_errno)
    asin                                     0x08004bf1   Thumb Code   574  asin.o(i.asin)
    atan                                     0x08004e65   Thumb Code   472  atan.o(i.atan)
    atan2                                    0x08005081   Thumb Code   372  atan2.o(i.atan2)
    fastcompaccelBMX055                      0x08005355   Thumb Code   236  imu_control.o(i.fastcompaccelBMX055)
    main                                     0x08005449   Thumb Code   390  main.o(i.main)
    readByte                                 0x0800564d   Thumb Code    50  main.o(i.readByte)
    read_acc_gyro                            0x08005685   Thumb Code   398  imu_control.o(i.read_acc_gyro)
    sqrt                                     0x0800582d   Thumb Code    66  sqrt.o(i.sqrt)
    writeByte                                0x08005875   Thumb Code    28  main.o(i.writeByte)
    AHBPrescTable                            0x08005894   Data          16  system_stm32l0xx.o(.constdata)
    PLLMulTable                              0x080058a4   Data           9  system_stm32l0xx.o(.constdata)
    __mathlib_zero                           0x08005998   Data           8  qnan.o(.constdata)
    Region$$Table$$Base                      0x080059a0   Number         0  anon$$obj.o(Region$$Table)
    Region$$Table$$Limit                     0x080059c0   Number         0  anon$$obj.o(Region$$Table)
    tt                                       0x20000000   Data           1  main.o(.data)
    stat                                     0x20000001   Data           1  main.o(.data)
    servo_angle0                             0x20000004   Data           4  main.o(.data)
    servo_angle1                             0x20000008   Data           4  main.o(.data)
    motor_angle0                             0x2000000c   Data           4  main.o(.data)
    motor_angle1                             0x20000010   Data           4  main.o(.data)
    motor_PID                                0x20000014   Data           4  main.o(.data)
    motor_power                              0x20000018   Data           4  main.o(.data)
    servo_power                              0x2000001c   Data           4  main.o(.data)
    dt                                       0x20000020   Data           8  main.o(.data)
    Kp                                       0x20000028   Data           8  main.o(.data)
    Ki                                       0x20000030   Data           8  main.o(.data)
    Kd                                       0x20000038   Data           8  main.o(.data)
    FS_Desc                                  0x20000040   Data          28  usbd_desc.o(.data)
    USBD_LangIDDesc                          0x2000005c   Data           4  usbd_desc.o(.data)
    USBD_FS_DeviceDesc                       0x20000060   Data          18  usbd_desc.o(.data)
    USBD_StringSerial                        0x20000074   Data          26  usbd_desc.o(.data)
    USBD_Interface_fops_FS                   0x20000090   Data          16  usbd_cdc_if.o(.data)
    c                                        0x200000a0   Data           1  imu_control.o(.data)
    Ares                                     0x200000a4   Data           4  imu_control.o(.data)
    Gres                                     0x200000a8   Data           4  imu_control.o(.data)
    xAccl                                    0x200000ac   Data           4  imu_control.o(.data)
    yAccl                                    0x200000b0   Data           4  imu_control.o(.data)
    zAccl                                    0x200000b4   Data           4  imu_control.o(.data)
    xGyro                                    0x200000b8   Data           4  imu_control.o(.data)
    yGyro                                    0x200000bc   Data           4  imu_control.o(.data)
    zGyro                                    0x200000c0   Data           4  imu_control.o(.data)
    acc                                      0x200000c4   Data           6  imu_control.o(.data)
    gyr                                      0x200000ca   Data           6  imu_control.o(.data)
    uwTickFreq                               0x200000d0   Data           1  stm32l0xx_hal.o(.data)
    uwTickPrio                               0x200000d4   Data           4  stm32l0xx_hal.o(.data)
    uwTick                                   0x200000d8   Data           4  stm32l0xx_hal.o(.data)
    SystemCoreClock                          0x200000dc   Data           4  system_stm32l0xx.o(.data)
    USBD_CDC_CfgHSDesc                       0x200000f0   Data          67  usbd_cdc.o(.data)
    USBD_CDC_CfgFSDesc                       0x20000134   Data          67  usbd_cdc.o(.data)
    USBD_CDC_OtherSpeedCfgDesc               0x20000178   Data          67  usbd_cdc.o(.data)
    USBD_CDC                                 0x200001bc   Data          56  usbd_cdc.o(.data)
    hi2c1                                    0x20000218   Data          76  main.o(.bss)
    htim2                                    0x20000264   Data          60  main.o(.bss)
    hUsbDeviceFS                             0x200002a0   Data         668  usb_device.o(.bss)
    hpcd_USB_FS                              0x2000075c   Data         756  usbd_conf.o(.bss)
    USBD_StrDesc                             0x20000a50   Data         512  usbd_desc.o(.bss)
    UserRxBufferFS                           0x20000c50   Data        1000  usbd_cdc_if.o(.bss)
    UserTxBufferFS                           0x20001038   Data        1000  usbd_cdc_if.o(.bss)
    accelBias                                0x20001420   Data          12  imu_control.o(.bss)
    __initial_sp                             0x20001830   Data           0  startup_stm32l053xx.o(STACK)



==============================================================================

Memory Map of the image

  Image Entry point : 0x080000c1

  Load Region LR_IROM1 (Base: 0x08000000, Size: 0x00005bb8, Max: 0x00010000, ABSOLUTE, COMPRESSED[0x00005a8c])

    Execution Region ER_IROM1 (Exec base: 0x08000000, Load base: 0x08000000, Size: 0x000059c0, Max: 0x00010000, ABSOLUTE)

    Exec Addr    Load Addr    Size         Type   Attr      Idx    E Section Name        Object

    0x08000000   0x08000000   0x000000c0   Data   RO            3    RESET               startup_stm32l053xx.o
    0x080000c0   0x080000c0   0x00000000   Code   RO         4052  * .ARM.Collect$$$$00000000  mc_p.l(entry.o)
    0x080000c0   0x080000c0   0x00000004   Code   RO         4110    .ARM.Collect$$$$00000001  mc_p.l(entry2.o)
    0x080000c4   0x080000c4   0x00000004   Code   RO         4113    .ARM.Collect$$$$00000004  mc_p.l(entry5.o)
    0x080000c8   0x080000c8   0x00000000   Code   RO         4115    .ARM.Collect$$$$00000008  mc_p.l(entry7b.o)
    0x080000c8   0x080000c8   0x00000000   Code   RO         4117    .ARM.Collect$$$$0000000A  mc_p.l(entry8b.o)
    0x080000c8   0x080000c8   0x00000008   Code   RO         4118    .ARM.Collect$$$$0000000B  mc_p.l(entry9a.o)
    0x080000d0   0x080000d0   0x00000004   Code   RO         4125    .ARM.Collect$$$$0000000E  mc_p.l(entry12b.o)
    0x080000d4   0x080000d4   0x00000000   Code   RO         4120    .ARM.Collect$$$$0000000F  mc_p.l(entry10a.o)
    0x080000d4   0x080000d4   0x00000000   Code   RO         4122    .ARM.Collect$$$$00000011  mc_p.l(entry11a.o)
    0x080000d4   0x080000d4   0x00000004   Code   RO         4111    .ARM.Collect$$$$00002712  mc_p.l(entry2.o)
    0x080000d8   0x080000d8   0x0000001c   Code   RO            4    .text               startup_stm32l053xx.o
    0x080000f4   0x080000f4   0x0000002c   Code   RO         4055    .text               mc_p.l(uidiv.o)
    0x08000120   0x08000120   0x00000024   Code   RO         4057    .text               mc_p.l(memcpya.o)
    0x08000144   0x08000144   0x00000024   Code   RO         4059    .text               mc_p.l(memseta.o)
    0x08000168   0x08000168   0x000000b2   Code   RO         4063    .text               mf_p.l(fadd.o)
    0x0800021a   0x0800021a   0x0000007a   Code   RO         4065    .text               mf_p.l(fmul.o)
    0x08000294   0x08000294   0x0000007c   Code   RO         4067    .text               mf_p.l(fdiv.o)
    0x08000310   0x08000310   0x00000018   Code   RO         4069    .text               mf_p.l(fscalb.o)
    0x08000328   0x08000328   0x00000016   Code   RO         4071    .text               mf_p.l(fflti.o)
    0x0800033e   0x0800033e   0x0000000e   Code   RO         4073    .text               mf_p.l(ffltui.o)
    0x0800034c   0x0800034c   0x00000028   Code   RO         4075    .text               mf_p.l(ffixui.o)
    0x08000374   0x08000374   0x00000028   Code   RO         4077    .text               mf_p.l(f2d.o)
    0x0800039c   0x0800039c   0x00000038   Code   RO         4079    .text               mf_p.l(d2f.o)
    0x080003d4   0x080003d4   0x00000000   Code   RO         4133    .text               mc_p.l(iusefp.o)
    0x080003d4   0x080003d4   0x00000082   Code   RO         4134    .text               mf_p.l(fepilogue.o)
    0x08000456   0x08000456   0x00000002   PAD
    0x08000458   0x08000458   0x00000168   Code   RO         4136    .text               mf_p.l(dadd.o)
    0x080005c0   0x080005c0   0x000000d0   Code   RO         4138    .text               mf_p.l(dmul.o)
    0x08000690   0x08000690   0x000000f0   Code   RO         4140    .text               mf_p.l(ddiv.o)
    0x08000780   0x08000780   0x0000002c   Code   RO         4142    .text               mf_p.l(dscalb.o)
    0x080007ac   0x080007ac   0x000000a2   Code   RO         4144    .text               mf_p.l(dsqrt.o)
    0x0800084e   0x0800084e   0x00000002   PAD
    0x08000850   0x08000850   0x00000028   Code   RO         4146    .text               mf_p.l(cdcmple.o)
    0x08000878   0x08000878   0x00000024   Code   RO         4148    .text               mc_p.l(init.o)
    0x0800089c   0x0800089c   0x00000020   Code   RO         4150    .text               mc_p.l(llshl.o)
    0x080008bc   0x080008bc   0x00000022   Code   RO         4152    .text               mc_p.l(llushr.o)
    0x080008de   0x080008de   0x00000026   Code   RO         4154    .text               mc_p.l(llsshr.o)
    0x08000904   0x08000904   0x000000be   Code   RO         4156    .text               mf_p.l(depilogue.o)
    0x080009c2   0x080009c2   0x00000056   Code   RO         4168    .text               mc_p.l(__dczerorl2.o)
    0x08000a18   0x08000a18   0x00000048   Code   RO          856    i.BMX_Setup         imu_control.o
    0x08000a60   0x08000a60   0x00000004   Code   RO          704    i.CDC_Control_FS    usbd_cdc_if.o
    0x08000a64   0x08000a64   0x00000004   Code   RO          705    i.CDC_DeInit_FS     usbd_cdc_if.o
    0x08000a68   0x08000a68   0x00000024   Code   RO          706    i.CDC_Init_FS       usbd_cdc_if.o
    0x08000a8c   0x08000a8c   0x00000018   Code   RO          707    i.CDC_Receive_FS    usbd_cdc_if.o
    0x08000aa4   0x08000aa4   0x00000002   Code   RO           57    i.Error_Handler     main.o
    0x08000aa6   0x08000aa6   0x00000002   PAD
    0x08000aa8   0x08000aa8   0x00000024   Code   RO         1327    i.HAL_Delay         stm32l0xx_hal.o
    0x08000acc   0x08000acc   0x00000178   Code   RO         2510    i.HAL_GPIO_Init     stm32l0xx_hal_gpio.o
    0x08000c44   0x08000c44   0x0000000c   Code   RO         1331    i.HAL_GetTick       stm32l0xx_hal.o
    0x08000c50   0x08000c50   0x0000004a   Code   RO         1982    i.HAL_I2CEx_ConfigAnalogFilter  stm32l0xx_hal_i2c_ex.o
    0x08000c9a   0x08000c9a   0x00000048   Code   RO         1983    i.HAL_I2CEx_ConfigDigitalFilter  stm32l0xx_hal_i2c_ex.o
    0x08000ce2   0x08000ce2   0x00000002   PAD
    0x08000ce4   0x08000ce4   0x000000b4   Code   RO         1535    i.HAL_I2C_Init      stm32l0xx_hal_i2c.o
    0x08000d98   0x08000d98   0x00000110   Code   RO         1541    i.HAL_I2C_Master_Receive  stm32l0xx_hal_i2c.o
    0x08000ea8   0x08000ea8   0x00000110   Code   RO         1548    i.HAL_I2C_Master_Transmit  stm32l0xx_hal_i2c.o
    0x08000fb8   0x08000fb8   0x0000005c   Code   RO          807    i.HAL_I2C_MspInit   stm32l0xx_hal_msp.o
    0x08001014   0x08001014   0x00000010   Code   RO         1337    i.HAL_IncTick       stm32l0xx_hal.o
    0x08001024   0x08001024   0x00000028   Code   RO         1338    i.HAL_Init          stm32l0xx_hal.o
    0x0800104c   0x0800104c   0x00000044   Code   RO         1339    i.HAL_InitTick      stm32l0xx_hal.o
    0x08001090   0x08001090   0x00000018   Code   RO          808    i.HAL_MspInit       stm32l0xx_hal_msp.o
    0x080010a8   0x080010a8   0x00000014   Code   RO         2839    i.HAL_NVIC_EnableIRQ  stm32l0xx_hal_cortex.o
    0x080010bc   0x080010bc   0x00000008   Code   RO         2843    i.HAL_NVIC_SetPriority  stm32l0xx_hal_cortex.o
    0x080010c4   0x080010c4   0x0000002c   Code   RO         1129    i.HAL_PCDEx_ActivateLPM  stm32l0xx_hal_pcd_ex.o
    0x080010f0   0x080010f0   0x00000002   Code   RO         1134    i.HAL_PCDEx_LPM_Callback  stm32l0xx_hal_pcd_ex.o
    0x080010f2   0x080010f2   0x0000003a   Code   RO         1135    i.HAL_PCDEx_PMAConfig  stm32l0xx_hal_pcd_ex.o
    0x0800112c   0x0800112c   0x00000018   Code   RO          421    i.HAL_PCD_DataInStageCallback  usbd_conf.o
    0x08001144   0x08001144   0x0000001c   Code   RO          422    i.HAL_PCD_DataOutStageCallback  usbd_conf.o
    0x08001160   0x08001160   0x00000044   Code   RO          916    i.HAL_PCD_EP_Close  stm32l0xx_hal_pcd.o
    0x080011a4   0x080011a4   0x00000054   Code   RO          917    i.HAL_PCD_EP_ClrStall  stm32l0xx_hal_pcd.o
    0x080011f8   0x080011f8   0x000000e0   Code   RO          918    i.HAL_PCD_EP_DB_Receive  stm32l0xx_hal_pcd.o
    0x080012d8   0x080012d8   0x00000230   Code   RO          919    i.HAL_PCD_EP_DB_Transmit  stm32l0xx_hal_pcd.o
    0x08001508   0x08001508   0x00000012   Code   RO          921    i.HAL_PCD_EP_GetRxCount  stm32l0xx_hal_pcd.o
    0x0800151a   0x0800151a   0x00000056   Code   RO          922    i.HAL_PCD_EP_Open   stm32l0xx_hal_pcd.o
    0x08001570   0x08001570   0x0000002a   Code   RO          923    i.HAL_PCD_EP_Receive  stm32l0xx_hal_pcd.o
    0x0800159a   0x0800159a   0x00000054   Code   RO          924    i.HAL_PCD_EP_SetStall  stm32l0xx_hal_pcd.o
    0x080015ee   0x080015ee   0x00000030   Code   RO          925    i.HAL_PCD_EP_Transmit  stm32l0xx_hal_pcd.o
    0x0800161e   0x0800161e   0x00000002   PAD
    0x08001620   0x08001620   0x0000018c   Code   RO          927    i.HAL_PCD_IRQHandler  stm32l0xx_hal_pcd.o
    0x080017ac   0x080017ac   0x000000ae   Code   RO          930    i.HAL_PCD_Init      stm32l0xx_hal_pcd.o
    0x0800185a   0x0800185a   0x00000002   PAD
    0x0800185c   0x0800185c   0x00000030   Code   RO          427    i.HAL_PCD_MspInit   usbd_conf.o
    0x0800188c   0x0800188c   0x00000026   Code   RO          428    i.HAL_PCD_ResetCallback  usbd_conf.o
    0x080018b2   0x080018b2   0x00000002   PAD
    0x080018b4   0x080018b4   0x0000002c   Code   RO          429    i.HAL_PCD_ResumeCallback  usbd_conf.o
    0x080018e0   0x080018e0   0x00000010   Code   RO          430    i.HAL_PCD_SOFCallback  usbd_conf.o
    0x080018f0   0x080018f0   0x00000026   Code   RO          936    i.HAL_PCD_SetAddress  stm32l0xx_hal_pcd.o
    0x08001916   0x08001916   0x00000018   Code   RO          431    i.HAL_PCD_SetupStageCallback  usbd_conf.o
    0x0800192e   0x0800192e   0x0000002a   Code   RO          938    i.HAL_PCD_Start     stm32l0xx_hal_pcd.o
    0x08001958   0x08001958   0x00000028   Code   RO          432    i.HAL_PCD_SuspendCallback  usbd_conf.o
    0x08001980   0x08001980   0x00000198   Code   RO         2142    i.HAL_RCCEx_PeriphCLKConfig  stm32l0xx_hal_rcc_ex.o
    0x08001b18   0x08001b18   0x0000016c   Code   RO         2033    i.HAL_RCC_ClockConfig  stm32l0xx_hal_rcc.o
    0x08001c84   0x08001c84   0x00000078   Code   RO         2041    i.HAL_RCC_GetSysClockFreq  stm32l0xx_hal_rcc.o
    0x08001cfc   0x08001cfc   0x00000486   Code   RO         2044    i.HAL_RCC_OscConfig  stm32l0xx_hal_rcc.o
    0x08002182   0x08002182   0x00000002   PAD
    0x08002184   0x08002184   0x00000030   Code   RO         2847    i.HAL_SYSTICK_Config  stm32l0xx_hal_cortex.o
    0x080021b4   0x080021b4   0x0000003c   Code   RO         3615    i.HAL_TIMEx_MasterConfigSynchronization  stm32l0xx_hal_tim_ex.o
    0x080021f0   0x080021f0   0x00000034   Code   RO         2948    i.HAL_TIM_Base_Init  stm32l0xx_hal_tim.o
    0x08002224   0x08002224   0x0000001c   Code   RO          810    i.HAL_TIM_Base_MspInit  stm32l0xx_hal_msp.o
    0x08002240   0x08002240   0x000000d0   Code   RO         2957    i.HAL_TIM_ConfigClockSource  stm32l0xx_hal_tim.o
    0x08002310   0x08002310   0x0000006c   Code   RO          811    i.HAL_TIM_MspPostInit  stm32l0xx_hal_msp.o
    0x0800237c   0x0800237c   0x000000d0   Code   RO         3015    i.HAL_TIM_PWM_ConfigChannel  stm32l0xx_hal_tim.o
    0x0800244c   0x0800244c   0x00000034   Code   RO         3018    i.HAL_TIM_PWM_Init  stm32l0xx_hal_tim.o
    0x08002480   0x08002480   0x00000002   Code   RO         3020    i.HAL_TIM_PWM_MspInit  stm32l0xx_hal_tim.o
    0x08002482   0x08002482   0x00000024   Code   RO         3023    i.HAL_TIM_PWM_Start  stm32l0xx_hal_tim.o
    0x080024a6   0x080024a6   0x00000002   Code   RO          752    i.HardFault_Handler  stm32l0xx_it.o
    0x080024a8   0x080024a8   0x00000022   Code   RO         1582    i.I2C_Flush_TXDR    stm32l0xx_hal_i2c.o
    0x080024ca   0x080024ca   0x00000002   PAD
    0x080024cc   0x080024cc   0x00000070   Code   RO         1590    i.I2C_IsAcknowledgeFailed  stm32l0xx_hal_i2c.o
    0x0800253c   0x0800253c   0x00000028   Code   RO         1597    i.I2C_TransferConfig  stm32l0xx_hal_i2c.o
    0x08002564   0x08002564   0x0000004e   Code   RO         1599    i.I2C_WaitOnFlagUntilTimeout  stm32l0xx_hal_i2c.o
    0x080025b2   0x080025b2   0x00000002   PAD
    0x080025b4   0x080025b4   0x00000080   Code   RO         1600    i.I2C_WaitOnRXNEFlagUntilTimeout  stm32l0xx_hal_i2c.o
    0x08002634   0x08002634   0x0000004c   Code   RO         1601    i.I2C_WaitOnSTOPFlagUntilTimeout  stm32l0xx_hal_i2c.o
    0x08002680   0x08002680   0x00000050   Code   RO         1602    i.I2C_WaitOnTXISFlagUntilTimeout  stm32l0xx_hal_i2c.o
    0x080026d0   0x080026d0   0x0000002c   Code   RO          622    i.IntToUnicode      usbd_desc.o
    0x080026fc   0x080026fc   0x00000040   Code   RO           58    i.MX_I2C1_Init      main.o
    0x0800273c   0x0800273c   0x00000098   Code   RO           59    i.MX_TIM2_Init      main.o
    0x080027d4   0x080027d4   0x00000054   Code   RO          274    i.MX_USB_DEVICE_Init  usb_device.o
    0x08002828   0x08002828   0x00000002   Code   RO          753    i.NMI_Handler       stm32l0xx_it.o
    0x0800282a   0x0800282a   0x00000002   PAD
    0x0800282c   0x0800282c   0x00000044   Code   RO         2849    i.NVIC_SetPriority  stm32l0xx_hal_cortex.o
    0x08002870   0x08002870   0x000002f4   Code   RO          941    i.PCD_EP_ISR_Handler  stm32l0xx_hal_pcd.o
    0x08002b64   0x08002b64   0x0000009c   Code   RO           60    i.PID               main.o
    0x08002c00   0x08002c00   0x00000002   Code   RO          754    i.PendSV_Handler    stm32l0xx_it.o
    0x08002c02   0x08002c02   0x00000002   Code   RO          755    i.SVC_Handler       stm32l0xx_it.o
    0x08002c04   0x08002c04   0x00000014   Code   RO          756    i.SysTick_Handler   stm32l0xx_it.o
    0x08002c18   0x08002c18   0x00000088   Code   RO           61    i.SystemClock_Config  main.o
    0x08002ca0   0x08002ca0   0x00000054   Code   RO         3642    i.SystemInit        system_stm32l0xx.o
    0x08002cf4   0x08002cf4   0x00000058   Code   RO         3036    i.TIM_Base_SetConfig  stm32l0xx_hal_tim.o
    0x08002d4c   0x08002d4c   0x0000001a   Code   RO         3037    i.TIM_CCxChannelCmd  stm32l0xx_hal_tim.o
    0x08002d66   0x08002d66   0x00000016   Code   RO         3047    i.TIM_ETR_SetConfig  stm32l0xx_hal_tim.o
    0x08002d7c   0x08002d7c   0x00000010   Code   RO         3048    i.TIM_ITRx_SetConfig  stm32l0xx_hal_tim.o
    0x08002d8c   0x08002d8c   0x00000030   Code   RO         3049    i.TIM_OC1_SetConfig  stm32l0xx_hal_tim.o
    0x08002dbc   0x08002dbc   0x00000032   Code   RO         3050    i.TIM_OC2_SetConfig  stm32l0xx_hal_tim.o
    0x08002dee   0x08002dee   0x00000036   Code   RO         3051    i.TIM_OC3_SetConfig  stm32l0xx_hal_tim.o
    0x08002e24   0x08002e24   0x00000036   Code   RO         3052    i.TIM_OC4_SetConfig  stm32l0xx_hal_tim.o
    0x08002e5a   0x08002e5a   0x00000022   Code   RO         3054    i.TIM_TI1_ConfigInputStage  stm32l0xx_hal_tim.o
    0x08002e7c   0x08002e7c   0x00000026   Code   RO         3056    i.TIM_TI2_ConfigInputStage  stm32l0xx_hal_tim.o
    0x08002ea2   0x08002ea2   0x00000024   Code   RO           10    i.TM_AHRSIMU_Init   tm_stm32_ahrs_imu.o
    0x08002ec6   0x08002ec6   0x00000494   Code   RO           12    i.TM_AHRSIMU_UpdateIMU  tm_stm32_ahrs_imu.o
    0x0800335a   0x0800335a   0x00000056   Code   RO         3926    i.USBD_CDC_DataIn   usbd_cdc.o
    0x080033b0   0x080033b0   0x00000032   Code   RO         3927    i.USBD_CDC_DataOut  usbd_cdc.o
    0x080033e2   0x080033e2   0x00000046   Code   RO         3928    i.USBD_CDC_DeInit   usbd_cdc.o
    0x08003428   0x08003428   0x0000002a   Code   RO         3929    i.USBD_CDC_EP0_RxReady  usbd_cdc.o
    0x08003452   0x08003452   0x00000002   PAD
    0x08003454   0x08003454   0x0000000c   Code   RO         3930    i.USBD_CDC_GetDeviceQualifierDescriptor  usbd_cdc.o
    0x08003460   0x08003460   0x0000000c   Code   RO         3931    i.USBD_CDC_GetFSCfgDesc  usbd_cdc.o
    0x0800346c   0x0800346c   0x0000000c   Code   RO         3932    i.USBD_CDC_GetHSCfgDesc  usbd_cdc.o
    0x08003478   0x08003478   0x0000000c   Code   RO         3933    i.USBD_CDC_GetOtherSpeedCfgDesc  usbd_cdc.o
    0x08003484   0x08003484   0x0000009a   Code   RO         3934    i.USBD_CDC_Init     usbd_cdc.o
    0x0800351e   0x0800351e   0x0000003a   Code   RO         3935    i.USBD_CDC_ReceivePacket  usbd_cdc.o
    0x08003558   0x08003558   0x00000014   Code   RO         3936    i.USBD_CDC_RegisterInterface  usbd_cdc.o
    0x0800356c   0x0800356c   0x00000014   Code   RO         3937    i.USBD_CDC_SetRxBuffer  usbd_cdc.o
    0x08003580   0x08003580   0x00000016   Code   RO         3938    i.USBD_CDC_SetTxBuffer  usbd_cdc.o
    0x08003596   0x08003596   0x000000ae   Code   RO         3939    i.USBD_CDC_Setup    usbd_cdc.o
    0x08003644   0x08003644   0x00000012   Code   RO         3675    i.USBD_ClrClassConfig  usbd_core.o
    0x08003656   0x08003656   0x00000010   Code   RO         3870    i.USBD_CtlContinueRx  usbd_ioreq.o
    0x08003666   0x08003666   0x00000010   Code   RO         3871    i.USBD_CtlContinueSendData  usbd_ioreq.o
    0x08003676   0x08003676   0x00000014   Code   RO         3809    i.USBD_CtlError     usbd_ctlreq.o
    0x0800368a   0x0800368a   0x00000020   Code   RO         3872    i.USBD_CtlPrepareRx  usbd_ioreq.o
    0x080036aa   0x080036aa   0x00000018   Code   RO         3873    i.USBD_CtlReceiveStatus  usbd_ioreq.o
    0x080036c2   0x080036c2   0x0000001c   Code   RO         3874    i.USBD_CtlSendData  usbd_ioreq.o
    0x080036de   0x080036de   0x00000018   Code   RO         3875    i.USBD_CtlSendStatus  usbd_ioreq.o
    0x080036f6   0x080036f6   0x00000002   PAD
    0x080036f8   0x080036f8   0x00000020   Code   RO          623    i.USBD_FS_ConfigStrDescriptor  usbd_desc.o
    0x08003718   0x08003718   0x0000000c   Code   RO          624    i.USBD_FS_DeviceDescriptor  usbd_desc.o
    0x08003724   0x08003724   0x00000024   Code   RO          625    i.USBD_FS_InterfaceStrDescriptor  usbd_desc.o
    0x08003748   0x08003748   0x0000000c   Code   RO          626    i.USBD_FS_LangIDStrDescriptor  usbd_desc.o
    0x08003754   0x08003754   0x00000028   Code   RO          627    i.USBD_FS_ManufacturerStrDescriptor  usbd_desc.o
    0x0800377c   0x0800377c   0x0000002c   Code   RO          628    i.USBD_FS_ProductStrDescriptor  usbd_desc.o
    0x080037a8   0x080037a8   0x00000034   Code   RO          629    i.USBD_FS_SerialStrDescriptor  usbd_desc.o
    0x080037dc   0x080037dc   0x000000e4   Code   RO         3810    i.USBD_GetDescriptor  usbd_ctlreq.o
    0x080038c0   0x080038c0   0x00000046   Code   RO         3811    i.USBD_GetString    usbd_ctlreq.o
    0x08003906   0x08003906   0x00000018   Code   RO          433    i.USBD_Get_USB_Status  usbd_conf.o
    0x0800391e   0x0800391e   0x00000034   Code   RO         3677    i.USBD_Init         usbd_core.o
    0x08003952   0x08003952   0x00000014   Code   RO          434    i.USBD_LL_ClearStallEP  usbd_conf.o
    0x08003966   0x08003966   0x00000014   Code   RO          435    i.USBD_LL_CloseEP   usbd_conf.o
    0x0800397a   0x0800397a   0x000000d4   Code   RO         3678    i.USBD_LL_DataInStage  usbd_core.o
    0x08003a4e   0x08003a4e   0x0000008e   Code   RO         3679    i.USBD_LL_DataOutStage  usbd_core.o
    0x08003adc   0x08003adc   0x00000010   Code   RO          439    i.USBD_LL_GetRxDataSize  usbd_conf.o
    0x08003aec   0x08003aec   0x00000084   Code   RO          440    i.USBD_LL_Init      usbd_conf.o
    0x08003b70   0x08003b70   0x00000022   Code   RO          441    i.USBD_LL_IsStallEP  usbd_conf.o
    0x08003b92   0x08003b92   0x0000001a   Code   RO          442    i.USBD_LL_OpenEP    usbd_conf.o
    0x08003bac   0x08003bac   0x00000014   Code   RO          443    i.USBD_LL_PrepareReceive  usbd_conf.o
    0x08003bc0   0x08003bc0   0x0000005a   Code   RO         3684    i.USBD_LL_Reset     usbd_core.o
    0x08003c1a   0x08003c1a   0x0000000e   Code   RO         3685    i.USBD_LL_Resume    usbd_core.o
    0x08003c28   0x08003c28   0x00000022   Code   RO         3686    i.USBD_LL_SOF       usbd_core.o
    0x08003c4a   0x08003c4a   0x00000006   Code   RO         3687    i.USBD_LL_SetSpeed  usbd_core.o
    0x08003c50   0x08003c50   0x00000014   Code   RO          444    i.USBD_LL_SetUSBAddress  usbd_conf.o
    0x08003c64   0x08003c64   0x0000005a   Code   RO         3688    i.USBD_LL_SetupStage  usbd_core.o
    0x08003cbe   0x08003cbe   0x00000014   Code   RO          445    i.USBD_LL_StallEP   usbd_conf.o
    0x08003cd2   0x08003cd2   0x00000014   Code   RO          446    i.USBD_LL_Start     usbd_conf.o
    0x08003ce6   0x08003ce6   0x00000012   Code   RO         3689    i.USBD_LL_Suspend   usbd_core.o
    0x08003cf8   0x08003cf8   0x00000014   Code   RO          448    i.USBD_LL_Transmit  usbd_conf.o
    0x08003d0c   0x08003d0c   0x00000028   Code   RO         3812    i.USBD_ParseSetupRequest  usbd_ctlreq.o
    0x08003d34   0x08003d34   0x00000016   Code   RO         3690    i.USBD_RegisterClass  usbd_core.o
    0x08003d4a   0x08003d4a   0x0000001e   Code   RO         3692    i.USBD_SetClassConfig  usbd_core.o
    0x08003d68   0x08003d68   0x00000084   Code   RO         3813    i.USBD_SetConfig    usbd_ctlreq.o
    0x08003dec   0x08003dec   0x0000000a   Code   RO         3693    i.USBD_Start        usbd_core.o
    0x08003df6   0x08003df6   0x00000114   Code   RO         3814    i.USBD_StdDevReq    usbd_ctlreq.o
    0x08003f0a   0x08003f0a   0x00000170   Code   RO         3815    i.USBD_StdEPReq     usbd_ctlreq.o
    0x0800407a   0x0800407a   0x0000005a   Code   RO         3816    i.USBD_StdItfReq    usbd_ctlreq.o
    0x080040d4   0x080040d4   0x00000002   Code   RO          449    i.USBD_static_free  usbd_conf.o
    0x080040d6   0x080040d6   0x00000002   PAD
    0x080040d8   0x080040d8   0x00000008   Code   RO          450    i.USBD_static_malloc  usbd_conf.o
    0x080040e0   0x080040e0   0x0000023c   Code   RO         1190    i.USB_ActivateEndpoint  stm32l0xx_ll_usb.o
    0x0800431c   0x0800431c   0x000000f0   Code   RO         1194    i.USB_DeactivateEndpoint  stm32l0xx_ll_usb.o
    0x0800440c   0x0800440c   0x00000010   Code   RO         1195    i.USB_DevConnect    stm32l0xx_ll_usb.o
    0x0800441c   0x0800441c   0x00000012   Code   RO         1197    i.USB_DevInit       stm32l0xx_ll_usb.o
    0x0800442e   0x0800442e   0x00000002   PAD
    0x08004430   0x08004430   0x00000014   Code   RO         1198    i.USB_DisableGlobalInt  stm32l0xx_ll_usb.o
    0x08004444   0x08004444   0x0000007c   Code   RO         1199    i.USB_EPClearStall  stm32l0xx_ll_usb.o
    0x080044c0   0x080044c0   0x00000038   Code   RO         1200    i.USB_EPSetStall    stm32l0xx_ll_usb.o
    0x080044f8   0x080044f8   0x000004ec   Code   RO         1201    i.USB_EPStartXfer   stm32l0xx_ll_usb.o
    0x080049e4   0x080049e4   0x00000014   Code   RO         1202    i.USB_EnableGlobalInt  stm32l0xx_ll_usb.o
    0x080049f8   0x080049f8   0x00000010   Code   RO          757    i.USB_IRQHandler    stm32l0xx_it.o
    0x08004a08   0x08004a08   0x00000006   Code   RO         1203    i.USB_ReadInterrupts  stm32l0xx_ll_usb.o
    0x08004a0e   0x08004a0e   0x0000002a   Code   RO         1204    i.USB_ReadPMA       stm32l0xx_ll_usb.o
    0x08004a38   0x08004a38   0x0000000e   Code   RO         1206    i.USB_SetDevAddress  stm32l0xx_ll_usb.o
    0x08004a46   0x08004a46   0x00000026   Code   RO         1208    i.USB_WritePMA      stm32l0xx_ll_usb.o
    0x08004a6c   0x08004a6c   0x0000002e   Code   RO         4158    i.__ARM_clz         mf_p.l(depilogue.o)
    0x08004a9a   0x08004a9a   0x0000001a   Code   RO         2655    i.__ARM_common_switch8  stm32l0xx_hal_dma.o
    0x08004ab4   0x08004ab4   0x0000002c   Code   RO         4105    i.__ARM_fpclassify  m_ps.l(fpclassify.o)
    0x08004ae0   0x08004ae0   0x000000ac   Code   RO         4107    i.__kernel_poly     m_ps.l(poly.o)
    0x08004b8c   0x08004b8c   0x0000000a   Code   RO         4092    i.__mathlib_dbl_infnan  m_ps.l(dunder.o)
    0x08004b96   0x08004b96   0x00000008   Code   RO         4093    i.__mathlib_dbl_infnan2  m_ps.l(dunder.o)
    0x08004b9e   0x08004b9e   0x00000010   Code   RO         4094    i.__mathlib_dbl_invalid  m_ps.l(dunder.o)
    0x08004bae   0x08004bae   0x00000002   PAD
    0x08004bb0   0x08004bb0   0x00000014   Code   RO         4097    i.__mathlib_dbl_underflow  m_ps.l(dunder.o)
    0x08004bc4   0x08004bc4   0x0000000e   Code   RO         4162    i.__scatterload_copy  mc_p.l(handlers.o)
    0x08004bd2   0x08004bd2   0x00000002   Code   RO         4163    i.__scatterload_null  mc_p.l(handlers.o)
    0x08004bd4   0x08004bd4   0x0000000e   Code   RO         4164    i.__scatterload_zeroinit  mc_p.l(handlers.o)
    0x08004be2   0x08004be2   0x00000002   PAD
    0x08004be4   0x08004be4   0x0000000c   Code   RO         4128    i.__set_errno       mc_p.l(errno.o)
    0x08004bf0   0x08004bf0   0x00000274   Code   RO         4027    i.asin              m_ps.l(asin.o)
    0x08004e64   0x08004e64   0x0000021c   Code   RO         4082    i.atan              m_ps.l(atan.o)
    0x08005080   0x08005080   0x0000019c   Code   RO         4037    i.atan2             m_ps.l(atan2.o)
    0x0800521c   0x0800521c   0x00000138   Code   RO           13    i.calculateAngles   tm_stm32_ahrs_imu.o
    0x08005354   0x08005354   0x000000f4   Code   RO          857    i.fastcompaccelBMX055  imu_control.o
    0x08005448   0x08005448   0x000001e8   Code   RO           62    i.main              main.o
    0x08005630   0x08005630   0x0000001a   Code   RO           14    i.oneOverSqrt       tm_stm32_ahrs_imu.o
    0x0800564a   0x0800564a   0x00000002   PAD
    0x0800564c   0x0800564c   0x00000038   Code   RO           63    i.readByte          main.o
    0x08005684   0x08005684   0x000001a8   Code   RO          858    i.read_acc_gyro     imu_control.o
    0x0800582c   0x0800582c   0x00000048   Code   RO         4045    i.sqrt              m_ps.l(sqrt.o)
    0x08005874   0x08005874   0x00000020   Code   RO           65    i.writeByte         main.o
    0x08005894   0x08005894   0x00000019   Data   RO         3643    .constdata          system_stm32l0xx.o
    0x080058ad   0x080058ad   0x00000003   PAD
    0x080058b0   0x080058b0   0x00000050   Data   RO         4028    .constdata          m_ps.l(asin.o)
    0x08005900   0x08005900   0x00000098   Data   RO         4083    .constdata          m_ps.l(atan.o)
    0x08005998   0x08005998   0x00000008   Data   RO         4109    .constdata          m_ps.l(qnan.o)
    0x080059a0   0x080059a0   0x00000020   Data   RO         4160    Region$$Table       anon$$obj.o


    Execution Region RW_IRAM1 (Exec base: 0x20000000, Load base: 0x080059c0, Size: 0x00001830, Max: 0x00002000, ABSOLUTE, COMPRESSED[0x000000cc])

    Exec Addr    Load Addr    Size         Type   Attr      Idx    E Section Name        Object

    0x20000000   COMPRESSED   0x00000040   Data   RW           68    .data               main.o
    0x20000040   COMPRESSED   0x0000001c   Data   RW          631    .data               usbd_desc.o
    0x2000005c   COMPRESSED   0x00000032   Data   RW          632    .data               usbd_desc.o
    0x2000008e   COMPRESSED   0x00000002   PAD
    0x20000090   COMPRESSED   0x00000010   Data   RW          710    .data               usbd_cdc_if.o
    0x200000a0   COMPRESSED   0x00000030   Data   RW          861    .data               imu_control.o
    0x200000d0   COMPRESSED   0x0000000c   Data   RW         1349    .data               stm32l0xx_hal.o
    0x200000dc   COMPRESSED   0x00000004   Data   RW         3645    .data               system_stm32l0xx.o
    0x200000e0   COMPRESSED   0x00000001   Data   RW         3817    .data               usbd_ctlreq.o
    0x200000e1   COMPRESSED   0x00000003   PAD
    0x200000e4   COMPRESSED   0x000000d7   Data   RW         3941    .data               usbd_cdc.o
    0x200001bb   COMPRESSED   0x00000001   PAD
    0x200001bc   COMPRESSED   0x00000038   Data   RW         3942    .data               usbd_cdc.o
    0x200001f4   COMPRESSED   0x00000004   Data   RW         4129    .data               mc_p.l(errno.o)
    0x200001f8        -       0x000000a8   Zero   RW           66    .bss                main.o
    0x200002a0        -       0x0000029c   Zero   RW          275    .bss                usb_device.o
    0x2000053c        -       0x00000514   Zero   RW          451    .bss                usbd_conf.o
    0x20000a50        -       0x00000200   Zero   RW          630    .bss                usbd_desc.o
    0x20000c50        -       0x000007d0   Zero   RW          709    .bss                usbd_cdc_if.o
    0x20001420        -       0x0000000c   Zero   RW          860    .bss                imu_control.o
    0x2000142c   COMPRESSED   0x00000004   PAD
    0x20001430        -       0x00000400   Zero   RW            1    STACK               startup_stm32l053xx.o


==============================================================================

Image component sizes


      Code (inc. data)   RO Data    RW Data    ZI Data      Debug   Object Name

       740         34          0         48         12       3211   imu_control.o
      1086        150          0         64        168     359543   main.o
        28          8        192          0       1024        596   startup_stm32l053xx.o
       172         28          0         12          0       8805   stm32l0xx_hal.o
       144         24          0          0          0      10457   stm32l0xx_hal_cortex.o
        26          0          0          0          0         72   stm32l0xx_hal_dma.o
       376         30          0          0          0       1660   stm32l0xx_hal_gpio.o
      1272         40          0          0          0       9994   stm32l0xx_hal_i2c.o
       146          0          0          0          0       1795   stm32l0xx_hal_i2c_ex.o
       252         36          0          0          0       2361   stm32l0xx_hal_msp.o
      2620         96          0          0          0      12465   stm32l0xx_hal_pcd.o
       104          0          0          0          0       2389   stm32l0xx_hal_pcd_ex.o
      1642         68          0          0          0       4314   stm32l0xx_hal_rcc.o
       408         12          0          0          0       1424   stm32l0xx_hal_rcc_ex.o
       988         10          0          0          0      10853   stm32l0xx_hal_tim.o
        60          0          0          0          0       1124   stm32l0xx_hal_tim_ex.o
        44         10          0          0          0       2336   stm32l0xx_it.o
      2426        132          0          0          0      13476   stm32l0xx_ll_usb.o
        84         18         25          4          0       1103   system_stm32l0xx.o
      1546         12          0          0          0       8221   tm_stm32_ahrs_imu.o
        84         16          0          0        668     368611   usb_device.o
       744         16          0        271          0      11708   usbd_cdc.o
        68         16          0         16       2000       2306   usbd_cdc_if.o
       644         36          0          0       1300      12170   usbd_conf.o
       738          0          0          0          0       9067   usbd_core.o
      1224         36          0          1          0       7552   usbd_ctlreq.o
       272        104          0         78        512       5277   usbd_desc.o
       140          0          0          0          0       4092   usbd_ioreq.o

    ----------------------------------------------------------------------
     18106        932        252        500       5688     876982   Object Totals
         0          0         32          0          0          0   (incl. Generated)
        28          0          3          6          4          0   (incl. Padding)

    ----------------------------------------------------------------------

      Code (inc. data)   RO Data    RW Data    ZI Data      Debug   Library Member Name

       628         54         80          0          0        104   asin.o
       540         68        152          0          0        112   atan.o
       412         40          0          0          0        144   atan2.o
        54          6          0          0          0        272   dunder.o
        44          4          0          0          0         60   fpclassify.o
       172          0          0          0          0         76   poly.o
         0          0          8          0          0          0   qnan.o
        72          6          0          0          0         76   sqrt.o
        86          0          0          0          0          0   __dczerorl2.o
         0          0          0          0          0          0   entry.o
         0          0          0          0          0          0   entry10a.o
         0          0          0          0          0          0   entry11a.o
         4          0          0          0          0          0   entry12b.o
         8          4          0          0          0          0   entry2.o
         4          0          0          0          0          0   entry5.o
         0          0          0          0          0          0   entry7b.o
         0          0          0          0          0          0   entry8b.o
         8          4          0          0          0          0   entry9a.o
        12          6          0          4          0         60   errno.o
        30          0          0          0          0          0   handlers.o
        36          8          0          0          0         68   init.o
         0          0          0          0          0          0   iusefp.o
        32          0          0          0          0         68   llshl.o
        38          0          0          0          0         68   llsshr.o
        34          0          0          0          0         68   llushr.o
        36          0          0          0          0         60   memcpya.o
        36          0          0          0          0        100   memseta.o
        44          0          0          0          0         72   uidiv.o
        40          2          0          0          0         68   cdcmple.o
        56          0          0          0          0         68   d2f.o
       360          6          0          0          0        140   dadd.o
       240          6          0          0          0         84   ddiv.o
       236          0          0          0          0        216   depilogue.o
       208          6          0          0          0         88   dmul.o
        44          0          0          0          0         72   dscalb.o
       162          0          0          0          0         80   dsqrt.o
        40          0          0          0          0         60   f2d.o
       178          0          0          0          0        108   fadd.o
       124          0          0          0          0         72   fdiv.o
       130          0          0          0          0        144   fepilogue.o
        40          0          0          0          0         60   ffixui.o
        22          0          0          0          0         68   fflti.o
        14          0          0          0          0         68   ffltui.o
       122          0          0          0          0         72   fmul.o
        24          0          0          0          0         60   fscalb.o

    ----------------------------------------------------------------------
      4378        220        240          4          0       2936   Library Totals
         8          0          0          0          0          0   (incl. Padding)

    ----------------------------------------------------------------------

      Code (inc. data)   RO Data    RW Data    ZI Data      Debug   Library Name

      1922        178        240          0          0        844   m_ps.l
       408         22          0          4          0        564   mc_p.l
      2040         20          0          0          0       1528   mf_p.l

    ----------------------------------------------------------------------
      4378        220        240          4          0       2936   Library Totals

    ----------------------------------------------------------------------

==============================================================================


      Code (inc. data)   RO Data    RW Data    ZI Data      Debug   

     22484       1152        492        504       5688     871026   Grand Totals
     22484       1152        492        204       5688     871026   ELF Image Totals (compressed)
     22484       1152        492        204          0          0   ROM Totals

==============================================================================

    Total RO  Size (Code + RO Data)                22976 (  22.44kB)
    Total RW  Size (RW Data + ZI Data)              6192 (   6.05kB)
    Total ROM Size (Code + RO Data + RW Data)      23180 (  22.64kB)

==============================================================================

